2026-04-30 19:38:29 INFO  utilities.LogUtil - Starting browser setup
2026-04-30 19:38:33 INFO  utilities.LogUtil - Launching application URL
2026-04-30 19:38:34 INFO  utilities.LogUtil - Starting TC_1ElecCarsCategoryFlow
2026-04-30 19:38:34 INFO  utilities.LogUtil - Navigating to Electric Cars from Home page
2026-04-30 19:38:35 INFO  utilities.LogUtil - Validating Electric Cars page load
2026-04-30 19:38:35 INFO  utilities.LogUtil - Electric Cars page loaded successfully
2026-04-30 19:38:35 INFO  utilities.LogUtil - Closing browser
2026-04-30 19:48:30 INFO  utilities.LogUtil - Starting browser setup
2026-04-30 19:48:32 INFO  utilities.LogUtil - Launching application URL
2026-04-30 19:48:39 INFO  utilities.LogUtil - Closing browser
2026-04-30 19:48:42 INFO  utilities.LogUtil - Starting browser setup
2026-04-30 19:48:45 INFO  utilities.LogUtil - Launching application URL
2026-04-30 19:48:47 INFO  utilities.LogUtil - Closing browser
2026-04-30 19:48:51 INFO  utilities.LogUtil - Starting browser setup
2026-04-30 19:48:56 INFO  utilities.LogUtil - Launching application URL
2026-04-30 19:48:59 INFO  utilities.LogUtil - Closing browser
2026-04-30 19:51:28 INFO  utilities.LogUtil - Starting browser setup
2026-04-30 19:51:31 INFO  utilities.LogUtil - Launching application URL
2026-04-30 19:51:37 INFO  utilities.LogUtil - Closing browser
2026-04-30 19:51:41 INFO  utilities.LogUtil - Starting browser setup
2026-04-30 19:51:43 INFO  utilities.LogUtil - Launching application URL
2026-04-30 19:51:50 INFO  utilities.LogUtil - Closing browser
2026-04-30 19:51:54 INFO  utilities.LogUtil - Starting browser setup
2026-04-30 19:51:56 INFO  utilities.LogUtil - Launching application URL
2026-04-30 19:51:59 INFO  utilities.LogUtil - Closing browser
2026-04-30 19:57:51 INFO  utilities.LogUtil - Starting browser setup
2026-04-30 19:57:53 INFO  utilities.LogUtil - Launching application URL
2026-04-30 19:57:57 INFO  utilities.LogUtil - Closing browser
2026-04-30 19:58:00 INFO  utilities.LogUtil - Starting browser setup
2026-04-30 19:58:03 INFO  utilities.LogUtil - Launching application URL
2026-04-30 19:58:09 INFO  utilities.LogUtil - Closing browser
2026-04-30 19:58:13 INFO  utilities.LogUtil - Starting browser setup
2026-04-30 19:58:15 INFO  utilities.LogUtil - Launching application URL
2026-04-30 19:58:21 INFO  utilities.LogUtil - Closing browser
2026-04-30 19:59:49 INFO  utilities.LogUtil - Starting browser setup
2026-04-30 19:59:52 INFO  utilities.LogUtil - Launching application URL
2026-04-30 19:59:57 INFO  utilities.LogUtil - Closing browser
2026-04-30 20:00:00 INFO  utilities.LogUtil - Starting browser setup
2026-04-30 20:00:03 INFO  utilities.LogUtil - Launching application URL
2026-04-30 20:00:07 INFO  utilities.LogUtil - Closing browser
2026-04-30 20:00:10 INFO  utilities.LogUtil - Starting browser setup
2026-04-30 20:00:12 INFO  utilities.LogUtil - Launching application URL
2026-04-30 20:00:19 INFO  utilities.LogUtil - Closing browser
2026-04-30 20:09:16 INFO  utilities.LogUtil - Starting browser setup
2026-04-30 20:09:19 INFO  utilities.LogUtil - Launching application URL
2026-04-30 20:09:26 INFO  utilities.LogUtil - Closing browser
2026-04-30 20:09:29 INFO  utilities.LogUtil - Starting browser setup
2026-04-30 20:09:32 INFO  utilities.LogUtil - Launching application URL
2026-04-30 20:09:40 INFO  utilities.LogUtil - Closing browser
2026-04-30 20:09:43 INFO  utilities.LogUtil - Starting browser setup
2026-04-30 20:09:46 INFO  utilities.LogUtil - Launching application URL
2026-04-30 20:09:53 INFO  utilities.LogUtil - Closing browser
2026-04-30 20:22:32 INFO  utilities.LogUtil - Starting browser setup
2026-04-30 20:22:34 INFO  utilities.LogUtil - Launching application URL
2026-04-30 20:22:41 INFO  utilities.LogUtil - Collected 40 car names and 40 car prices
2026-04-30 20:22:41 INFO  utilities.LogUtil - Closing browser
2026-04-30 20:23:48 INFO  utilities.LogUtil - Starting browser setup
2026-04-30 20:23:50 INFO  utilities.LogUtil - Launching application URL
2026-04-30 20:23:57 INFO  utilities.LogUtil - Collected 40 car names and 40 car prices
2026-04-30 20:23:57 INFO  utilities.LogUtil - Closing browser
2026-04-30 20:24:18 INFO  utilities.LogUtil - Starting browser setup
2026-04-30 20:24:21 INFO  utilities.LogUtil - Launching application URL
2026-04-30 20:24:28 INFO  utilities.LogUtil - Car in price range: Tata Punch - 5.65 Lakh
2026-04-30 20:24:28 INFO  utilities.LogUtil - Car in price range: Tata Nexon - 7.37 Lakh
2026-04-30 20:24:28 INFO  utilities.LogUtil - Car in price range: Maruti Suzuki FRONX - 6.85 Lakh
2026-04-30 20:24:28 INFO  utilities.LogUtil - Car in price range: Maruti Suzuki Swift - 5.79 Lakh
2026-04-30 20:24:28 INFO  utilities.LogUtil - Car in price range: Maruti Suzuki Ertiga - 8.8 Lakh
2026-04-30 20:24:28 INFO  utilities.LogUtil - Car in price range: Maruti Suzuki Brezza - 8.26 Lakh
2026-04-30 20:24:28 INFO  utilities.LogUtil - Car in price range: Maruti Suzuki Baleno - 5.99 Lakh
2026-04-30 20:24:28 INFO  utilities.LogUtil - Car in price range: Maruti Suzuki Dzire - 6.26 Lakh
2026-04-30 20:24:28 INFO  utilities.LogUtil - Car in price range: Hyundai Aura - 6.0 Lakh
2026-04-30 20:24:28 INFO  utilities.LogUtil - Car in price range: Toyota Urban Cruiser Hyryder - 10.99 Lakh
2026-04-30 20:24:28 INFO  utilities.LogUtil - Car in price range: Hyundai Exter - 5.8 Lakh
2026-04-30 20:24:28 INFO  utilities.LogUtil - Car in price range: Kia Carens - 11.0 Lakh
2026-04-30 20:24:29 INFO  utilities.LogUtil - Car in price range: Maruti Suzuki Victoris - 10.5 Lakh
2026-04-30 20:24:29 INFO  utilities.LogUtil - Car in price range: Tata Altroz - 6.3 Lakh
2026-04-30 20:24:29 INFO  utilities.LogUtil - Car in price range: Nissan Magnite - 5.62 Lakh
2026-04-30 20:24:29 INFO  utilities.LogUtil - Car in price range: Toyota Glanza - 6.46 Lakh
2026-04-30 20:24:29 INFO  utilities.LogUtil - Car in price range: Maruti Suzuki XL6 - 11.52 Lakh
2026-04-30 20:24:29 INFO  utilities.LogUtil - Car in price range: Toyota Rumion - 9.56 Lakh
2026-04-30 20:24:29 INFO  utilities.LogUtil - Car in price range: Toyota Taisor - 7.25 Lakh
2026-04-30 20:24:29 INFO  utilities.LogUtil - Car in price range: Maruti Suzuki Eeco - 5.21 Lakh
2026-04-30 20:24:29 INFO  utilities.LogUtil - Car in price range: Tata Tigor - 5.55 Lakh
2026-04-30 20:24:29 INFO  utilities.LogUtil - Car in price range: Tata Xpres - 5.59 Lakh
2026-04-30 20:24:30 INFO  utilities.LogUtil - Car in price range: Maruti Suzuki Dzire Tour S - 6.24 Lakh
2026-04-30 20:24:30 INFO  utilities.LogUtil - Closing browser
2026-04-30 20:24:50 INFO  utilities.LogUtil - Starting browser setup
2026-04-30 20:24:53 INFO  utilities.LogUtil - Launching application URL
2026-04-30 20:24:59 INFO  utilities.LogUtil - Collected 40 EMI values
2026-04-30 20:24:59 INFO  utilities.LogUtil - Car EMI in range: ₹10929
2026-04-30 20:24:59 INFO  utilities.LogUtil - Car EMI in range: ₹14257
2026-04-30 20:24:59 INFO  utilities.LogUtil - Car EMI in range: ₹13249
2026-04-30 20:24:59 INFO  utilities.LogUtil - Car EMI in range: ₹11199
2026-04-30 20:24:59 INFO  utilities.LogUtil - Car EMI in range: ₹11585
2026-04-30 20:24:59 INFO  utilities.LogUtil - Car EMI in range: ₹12102
2026-04-30 20:24:59 INFO  utilities.LogUtil - Car EMI in range: ₹11607
2026-04-30 20:24:59 INFO  utilities.LogUtil - Car EMI in range: ₹8898
2026-04-30 20:24:59 INFO  utilities.LogUtil - Car EMI in range: ₹11218
2026-04-30 20:25:00 INFO  utilities.LogUtil - Car EMI in range: ₹9651
2026-04-30 20:25:00 INFO  utilities.LogUtil - Car EMI in range: ₹12187
2026-04-30 20:25:00 INFO  utilities.LogUtil - Car EMI in range: ₹9653
2026-04-30 20:25:00 INFO  utilities.LogUtil - Car EMI in range: ₹10865
2026-04-30 20:25:00 INFO  utilities.LogUtil - Car EMI in range: ₹9090
2026-04-30 20:25:00 INFO  utilities.LogUtil - Car EMI in range: ₹12497
2026-04-30 20:25:00 INFO  utilities.LogUtil - Car EMI in range: ₹14025
2026-04-30 20:25:00 INFO  utilities.LogUtil - Car EMI in range: ₹10077
2026-04-30 20:25:00 INFO  utilities.LogUtil - Car EMI in range: ₹10736
2026-04-30 20:25:00 INFO  utilities.LogUtil - Car EMI in range: ₹10814
2026-04-30 20:25:00 INFO  utilities.LogUtil - Car EMI in range: ₹12067
2026-04-30 20:25:00 INFO  utilities.LogUtil - Total cars with EMI between 8000 and 15000: 20
2026-04-30 20:25:00 INFO  utilities.LogUtil - Closing browser
2026-04-30 20:26:01 INFO  utilities.LogUtil - Starting browser setup
2026-04-30 20:26:04 INFO  utilities.LogUtil - Launching application URL
2026-04-30 20:26:09 INFO  utilities.LogUtil - Collected 40 car names and 40 car prices
2026-04-30 20:26:09 INFO  utilities.LogUtil - Closing browser
2026-04-30 20:26:12 INFO  utilities.LogUtil - Starting browser setup
2026-04-30 20:26:15 INFO  utilities.LogUtil - Launching application URL
2026-04-30 20:26:21 INFO  utilities.LogUtil - Car in price range: Tata Punch - 5.65 Lakh
2026-04-30 20:26:21 INFO  utilities.LogUtil - Car in price range: Tata Nexon - 7.37 Lakh
2026-04-30 20:26:21 INFO  utilities.LogUtil - Car in price range: Maruti Suzuki FRONX - 6.85 Lakh
2026-04-30 20:26:21 INFO  utilities.LogUtil - Car in price range: Maruti Suzuki Swift - 5.79 Lakh
2026-04-30 20:26:21 INFO  utilities.LogUtil - Car in price range: Maruti Suzuki Ertiga - 8.8 Lakh
2026-04-30 20:26:22 INFO  utilities.LogUtil - Car in price range: Maruti Suzuki Brezza - 8.26 Lakh
2026-04-30 20:26:22 INFO  utilities.LogUtil - Car in price range: Maruti Suzuki Baleno - 5.99 Lakh
2026-04-30 20:26:22 INFO  utilities.LogUtil - Car in price range: Maruti Suzuki Dzire - 6.26 Lakh
2026-04-30 20:26:22 INFO  utilities.LogUtil - Car in price range: Hyundai Aura - 6.0 Lakh
2026-04-30 20:26:22 INFO  utilities.LogUtil - Car in price range: Toyota Urban Cruiser Hyryder - 10.99 Lakh
2026-04-30 20:26:22 INFO  utilities.LogUtil - Car in price range: Hyundai Exter - 5.8 Lakh
2026-04-30 20:26:22 INFO  utilities.LogUtil - Car in price range: Kia Carens - 11.0 Lakh
2026-04-30 20:26:22 INFO  utilities.LogUtil - Car in price range: Maruti Suzuki Victoris - 10.5 Lakh
2026-04-30 20:26:22 INFO  utilities.LogUtil - Car in price range: Tata Altroz - 6.3 Lakh
2026-04-30 20:26:23 INFO  utilities.LogUtil - Car in price range: Nissan Magnite - 5.62 Lakh
2026-04-30 20:26:23 INFO  utilities.LogUtil - Car in price range: Toyota Glanza - 6.46 Lakh
2026-04-30 20:26:23 INFO  utilities.LogUtil - Car in price range: Maruti Suzuki XL6 - 11.52 Lakh
2026-04-30 20:26:23 INFO  utilities.LogUtil - Car in price range: Toyota Rumion - 9.56 Lakh
2026-04-30 20:26:23 INFO  utilities.LogUtil - Car in price range: Toyota Taisor - 7.25 Lakh
2026-04-30 20:26:23 INFO  utilities.LogUtil - Car in price range: Maruti Suzuki Eeco - 5.21 Lakh
2026-04-30 20:26:23 INFO  utilities.LogUtil - Car in price range: Tata Tigor - 5.55 Lakh
2026-04-30 20:26:23 INFO  utilities.LogUtil - Car in price range: Tata Xpres - 5.59 Lakh
2026-04-30 20:26:23 INFO  utilities.LogUtil - Car in price range: Maruti Suzuki Dzire Tour S - 6.24 Lakh
2026-04-30 20:26:24 INFO  utilities.LogUtil - Closing browser
2026-04-30 20:26:30 INFO  utilities.LogUtil - Starting browser setup
2026-04-30 20:26:32 INFO  utilities.LogUtil - Launching application URL
2026-04-30 20:26:38 INFO  utilities.LogUtil - Collected 40 EMI values
2026-04-30 20:26:38 INFO  utilities.LogUtil - Car EMI in range: ₹10929
2026-04-30 20:26:38 INFO  utilities.LogUtil - Car EMI in range: ₹14257
2026-04-30 20:26:38 INFO  utilities.LogUtil - Car EMI in range: ₹13249
2026-04-30 20:26:38 INFO  utilities.LogUtil - Car EMI in range: ₹11199
2026-04-30 20:26:38 INFO  utilities.LogUtil - Car EMI in range: ₹11585
2026-04-30 20:26:38 INFO  utilities.LogUtil - Car EMI in range: ₹12102
2026-04-30 20:26:38 INFO  utilities.LogUtil - Car EMI in range: ₹11607
2026-04-30 20:26:38 INFO  utilities.LogUtil - Car EMI in range: ₹8898
2026-04-30 20:26:38 INFO  utilities.LogUtil - Car EMI in range: ₹11218
2026-04-30 20:26:38 INFO  utilities.LogUtil - Car EMI in range: ₹9651
2026-04-30 20:26:39 INFO  utilities.LogUtil - Car EMI in range: ₹12187
2026-04-30 20:26:39 INFO  utilities.LogUtil - Car EMI in range: ₹9653
2026-04-30 20:26:39 INFO  utilities.LogUtil - Car EMI in range: ₹10865
2026-04-30 20:26:39 INFO  utilities.LogUtil - Car EMI in range: ₹9090
2026-04-30 20:26:39 INFO  utilities.LogUtil - Car EMI in range: ₹12497
2026-04-30 20:26:39 INFO  utilities.LogUtil - Car EMI in range: ₹14025
2026-04-30 20:26:39 INFO  utilities.LogUtil - Car EMI in range: ₹10077
2026-04-30 20:26:39 INFO  utilities.LogUtil - Car EMI in range: ₹10736
2026-04-30 20:26:39 INFO  utilities.LogUtil - Car EMI in range: ₹10814
2026-04-30 20:26:39 INFO  utilities.LogUtil - Car EMI in range: ₹12067
2026-04-30 20:26:39 INFO  utilities.LogUtil - Total cars with EMI between 8000 and 15000: 20
2026-04-30 20:26:39 INFO  utilities.LogUtil - Closing browser
2026-04-30 20:36:55 INFO  utilities.LogUtil - Starting browser setup
2026-04-30 20:36:58 INFO  utilities.LogUtil - Launching application URL
2026-04-30 20:37:00 INFO  utilities.LogUtil - Closing browser
2026-04-30 20:37:30 INFO  utilities.LogUtil - Starting browser setup
2026-04-30 20:37:33 INFO  utilities.LogUtil - Launching application URL
2026-04-30 20:37:39 INFO  utilities.LogUtil - Closing browser
2026-04-30 20:41:36 INFO  utilities.LogUtil - Starting browser setup
2026-04-30 20:41:40 INFO  utilities.LogUtil - Launching application URL
2026-04-30 20:41:47 INFO  utilities.LogUtil - Closing browser
2026-04-30 20:42:58 INFO  utilities.LogUtil - Starting browser setup
2026-04-30 20:43:01 INFO  utilities.LogUtil - Launching application URL
2026-04-30 20:43:06 INFO  utilities.LogUtil - Clicking car link: Check On Road Price
2026-04-30 20:43:07 INFO  utilities.LogUtil - Closing browser
2026-04-30 20:46:07 INFO  utilities.LogUtil - Starting browser setup
2026-04-30 20:46:10 INFO  utilities.LogUtil - Launching application URL
2026-04-30 20:46:16 INFO  utilities.LogUtil - Clicking car link: Check On Road Price
2026-04-30 20:46:20 INFO  utilities.LogUtil - Clicking car link: Check On Road Price
2026-04-30 20:46:24 INFO  utilities.LogUtil - Clicking car link: Check On Road Price
2026-04-30 20:46:29 INFO  utilities.LogUtil - Clicking car link: Check On Road Price
2026-04-30 20:46:33 INFO  utilities.LogUtil - Clicking car link: Check On Road Price
2026-04-30 20:46:38 INFO  utilities.LogUtil - Clicking car link: Check On Road Price
2026-04-30 20:46:43 INFO  utilities.LogUtil - Clicking car link: Check On Road Price
2026-04-30 20:46:48 INFO  utilities.LogUtil - Clicking car link: Check On Road Price
2026-04-30 20:46:52 INFO  utilities.LogUtil - Clicking car link: Check On Road Price
2026-04-30 20:46:56 INFO  utilities.LogUtil - Clicking car link: Check On Road Price
2026-04-30 20:47:01 INFO  utilities.LogUtil - Clicking car link: Check On Road Price
2026-04-30 20:47:05 INFO  utilities.LogUtil - Clicking car link: Check On Road Price
2026-04-30 20:47:11 INFO  utilities.LogUtil - Clicking car link: Check On Road Price
2026-04-30 20:47:16 INFO  utilities.LogUtil - Clicking car link: Check On Road Price
2026-04-30 20:47:21 INFO  utilities.LogUtil - Clicking car link: Check On Road Price
2026-04-30 20:47:27 INFO  utilities.LogUtil - Clicking car link: Check On Road Price
2026-04-30 20:47:32 INFO  utilities.LogUtil - Clicking car link: Check On Road Price
2026-04-30 20:47:41 INFO  utilities.LogUtil - Starting browser setup
2026-04-30 20:47:44 INFO  utilities.LogUtil - Launching application URL
2026-04-30 20:47:50 INFO  utilities.LogUtil - Clicking car link: Check On Road Price
2026-04-30 20:47:52 INFO  utilities.LogUtil - Clicking car link: Check On Road Price
2026-04-30 20:47:54 INFO  utilities.LogUtil - Clicking car link: Check On Road Price
2026-04-30 20:47:56 INFO  utilities.LogUtil - Clicking car link: Check On Road Price
2026-04-30 20:47:57 INFO  utilities.LogUtil - Clicking car link: Check On Road Price
2026-04-30 20:48:00 INFO  utilities.LogUtil - Clicking car link: Check On Road Price
2026-04-30 20:48:01 INFO  utilities.LogUtil - Clicking car link: Check On Road Price
2026-04-30 20:48:03 INFO  utilities.LogUtil - Clicking car link: Check On Road Price
2026-04-30 20:48:05 INFO  utilities.LogUtil - Clicking car link: Check On Road Price
2026-04-30 20:48:07 INFO  utilities.LogUtil - Clicking car link: Check On Road Price
2026-04-30 20:48:09 INFO  utilities.LogUtil - Clicking car link: Check On Road Price
2026-04-30 20:48:10 INFO  utilities.LogUtil - Clicking car link: Check On Road Price
2026-04-30 20:48:12 INFO  utilities.LogUtil - Clicking car link: Check On Road Price
2026-04-30 20:48:14 INFO  utilities.LogUtil - Clicking car link: Check On Road Price
2026-04-30 20:48:15 INFO  utilities.LogUtil - Clicking car link: Check On Road Price
2026-04-30 20:48:17 INFO  utilities.LogUtil - Clicking car link: Check On Road Price
2026-04-30 20:48:19 INFO  utilities.LogUtil - Clicking car link: Check On Road Price
2026-04-30 20:48:20 INFO  utilities.LogUtil - Clicking car link: Check On Road Price
2026-04-30 20:48:22 INFO  utilities.LogUtil - Clicking car link: Check On Road Price
2026-04-30 20:48:24 INFO  utilities.LogUtil - Clicking car link: Check On Road Price
2026-04-30 20:48:26 INFO  utilities.LogUtil - Clicking car link: Check On Road Price
2026-04-30 20:48:27 INFO  utilities.LogUtil - Clicking car link: Check On Road Price
2026-04-30 20:48:29 INFO  utilities.LogUtil - Clicking car link: Check On Road Price
2026-04-30 20:48:31 INFO  utilities.LogUtil - Clicking car link: Check On Road Price
2026-04-30 20:48:34 INFO  utilities.LogUtil - Clicking car link: Check On Road Price
2026-04-30 20:48:37 INFO  utilities.LogUtil - Clicking car link: Check On Road Price
2026-04-30 20:48:40 INFO  utilities.LogUtil - Clicking car link: Check On Road Price
2026-04-30 20:48:42 INFO  utilities.LogUtil - Clicking car link: Check On Road Price
2026-04-30 20:48:47 INFO  utilities.LogUtil - Clicking car link: Check On Road Price
2026-04-30 20:48:50 INFO  utilities.LogUtil - Clicking car link: Check On Road Price
2026-04-30 20:48:52 INFO  utilities.LogUtil - Clicking car link: 
2026-04-30 20:48:54 INFO  utilities.LogUtil - Clicking car link: 
2026-04-30 20:48:56 INFO  utilities.LogUtil - Clicking car link: 
2026-04-30 20:48:58 INFO  utilities.LogUtil - Clicking car link: 
2026-04-30 20:49:01 INFO  utilities.LogUtil - Clicking car link: 
2026-04-30 20:49:04 INFO  utilities.LogUtil - Clicking car link: 
2026-04-30 20:49:06 INFO  utilities.LogUtil - Clicking car link: 
2026-04-30 20:49:09 INFO  utilities.LogUtil - Clicking car link: 
2026-04-30 20:49:11 INFO  utilities.LogUtil - Clicking car link: 
2026-04-30 20:49:15 INFO  utilities.LogUtil - Clicking car link: 
2026-04-30 20:49:18 INFO  utilities.LogUtil - Closing browser
2026-04-30 20:50:53 INFO  utilities.LogUtil - Starting browser setup
2026-04-30 20:50:56 INFO  utilities.LogUtil - Launching application URL
2026-04-30 20:51:04 INFO  utilities.LogUtil - Clicking car link: Tata Punch
2026-04-30 20:51:05 INFO  utilities.LogUtil - Clicking car link: 4.6 |  89 reviews
2026-04-30 20:51:07 INFO  utilities.LogUtil - Clicking car link: Tata Nexon
2026-04-30 20:51:09 INFO  utilities.LogUtil - Clicking car link: 4.5 |  198 reviews
2026-04-30 20:51:11 INFO  utilities.LogUtil - Clicking car link: Maruti Suzuki FRONX
2026-04-30 20:51:13 INFO  utilities.LogUtil - Clicking car link: 4.3 |  140 reviews
2026-04-30 20:51:15 INFO  utilities.LogUtil - Clicking car link: Maruti Suzuki Swift
2026-04-30 20:51:18 INFO  utilities.LogUtil - Clicking car link: 4.2 |  162 reviews
2026-04-30 20:51:21 INFO  utilities.LogUtil - Clicking car link: Maruti Suzuki Ertiga
2026-04-30 20:51:24 INFO  utilities.LogUtil - Clicking car link: 4.1 |  197 reviews
2026-04-30 20:51:28 INFO  utilities.LogUtil - Clicking car link: Maruti Suzuki Brezza
2026-04-30 20:51:31 INFO  utilities.LogUtil - Clicking car link: 4.2 |  216 reviews
2026-04-30 20:51:34 INFO  utilities.LogUtil - Clicking car link: Maruti Suzuki Baleno
2026-04-30 20:51:37 INFO  utilities.LogUtil - Clicking car link: 4.2 |  259 reviews
2026-04-30 20:51:40 INFO  utilities.LogUtil - Clicking car link: Maruti Suzuki Dzire
2026-04-30 20:51:44 INFO  utilities.LogUtil - Clicking car link: 4.5 |  42 reviews
2026-04-30 20:51:48 INFO  utilities.LogUtil - Clicking car link: Hyundai Aura
2026-04-30 20:51:50 INFO  utilities.LogUtil - Clicking car link: 4.2 |  68 reviews
2026-04-30 20:51:54 INFO  utilities.LogUtil - Clicking car link: Toyota Urban Cruiser Hyryder
2026-04-30 20:51:57 INFO  utilities.LogUtil - Clicking car link: 4.4 |  140 reviews
2026-04-30 20:52:00 INFO  utilities.LogUtil - Clicking car link: Tata Tiago
2026-04-30 20:52:03 INFO  utilities.LogUtil - Clicking car link: 4.3 |  402 reviews
2026-04-30 20:52:05 INFO  utilities.LogUtil - Clicking car link: Hyundai Exter
2026-04-30 20:52:07 INFO  utilities.LogUtil - Clicking car link: Kia Carens
2026-04-30 20:52:09 INFO  utilities.LogUtil - Clicking car link: 4.4 |  139 reviews
2026-04-30 20:52:13 INFO  utilities.LogUtil - Clicking car link: Maruti Suzuki Wagon R
2026-04-30 20:52:16 INFO  utilities.LogUtil - Clicking car link: 3.8 |  283 reviews
2026-04-30 20:52:19 INFO  utilities.LogUtil - Clicking car link: Maruti Suzuki Alto K10
2026-04-30 20:52:22 INFO  utilities.LogUtil - Clicking car link: 3.9 |  207 reviews
2026-04-30 20:52:25 INFO  utilities.LogUtil - Clicking car link: Maruti Suzuki Victoris
2026-04-30 20:52:29 INFO  utilities.LogUtil - Clicking car link: 5 |  read reviews
2026-04-30 20:52:31 INFO  utilities.LogUtil - Clicking car link: Tata Altroz
2026-04-30 20:52:35 INFO  utilities.LogUtil - Clicking car link: 4.6 |  13 reviews
2026-04-30 20:52:38 INFO  utilities.LogUtil - Clicking car link: Citroen C3
2026-04-30 20:52:41 INFO  utilities.LogUtil - Clicking car link: 4.2 |  145 reviews
2026-04-30 20:52:44 INFO  utilities.LogUtil - Clicking car link: Nissan Magnite
2026-04-30 20:52:47 INFO  utilities.LogUtil - Clicking car link: 4.4 |  22 reviews
2026-04-30 20:52:50 INFO  utilities.LogUtil - Clicking car link: Maruti Suzuki Celerio
2026-04-30 20:52:53 INFO  utilities.LogUtil - Clicking car link: 3.8 |  116 reviews
2026-04-30 20:52:57 INFO  utilities.LogUtil - Clicking car link: Toyota Glanza
2026-04-30 20:53:00 INFO  utilities.LogUtil - Clicking car link: 4.2 |  100 reviews
2026-04-30 20:53:03 INFO  utilities.LogUtil - Clicking car link: Maruti Suzuki XL6
2026-04-30 20:53:06 INFO  utilities.LogUtil - Clicking car link: 4.2 |  93 reviews
2026-04-30 20:53:10 INFO  utilities.LogUtil - Clicking car link: Maruti Suzuki S-Presso
2026-04-30 20:53:13 INFO  utilities.LogUtil - Clicking car link: 4 |  194 reviews
2026-04-30 20:53:16 INFO  utilities.LogUtil - Clicking car link: Toyota Rumion
2026-04-30 20:53:19 INFO  utilities.LogUtil - Clicking car link: 4 |  39 reviews
2026-04-30 20:53:23 INFO  utilities.LogUtil - Clicking car link: Toyota Taisor
2026-04-30 20:53:26 INFO  utilities.LogUtil - Clicking car link: 4.6 |  17 reviews
2026-04-30 20:53:28 INFO  utilities.LogUtil - Clicking car link: Maruti Suzuki Eeco
2026-04-30 20:53:30 INFO  utilities.LogUtil - Closing browser
2026-04-30 23:04:38 INFO  utilities.LogUtil - Starting browser setup
2026-04-30 23:04:42 INFO  utilities.LogUtil - Launching application URL
2026-04-30 23:04:50 INFO  utilities.LogUtil - Clicking car link: Tata Punch
2026-04-30 23:04:53 WARN  utilities.LogUtil - Price table not found for: Tata Punch
2026-04-30 23:04:57 INFO  utilities.LogUtil - Clicking car link: Check On Road Price
2026-04-30 23:04:59 INFO  utilities.LogUtil - Closing browser
2026-04-30 23:05:47 INFO  utilities.LogUtil - Starting browser setup
2026-04-30 23:05:50 INFO  utilities.LogUtil - Launching application URL
2026-04-30 23:05:57 INFO  utilities.LogUtil - Clicking car link: Tata Punch
2026-04-30 23:05:58 WARN  utilities.LogUtil - Price table not found for: Tata Punch
2026-04-30 23:06:02 INFO  utilities.LogUtil - Clicking car link: Check On Road Price
2026-04-30 23:06:02 INFO  utilities.LogUtil - Closing browser
2026-04-30 23:07:43 INFO  utilities.LogUtil - Starting browser setup
2026-04-30 23:07:46 INFO  utilities.LogUtil - Launching application URL
2026-04-30 23:07:52 INFO  utilities.LogUtil - Clicking car link: Tata Punch
2026-04-30 23:08:01 INFO  utilities.LogUtil - Scrolled to On‑Road Price section
2026-04-30 23:08:05 INFO  utilities.LogUtil - Clicking car link: 4.6 |  89 reviews
2026-04-30 23:10:32 INFO  utilities.LogUtil - Starting browser setup
2026-04-30 23:10:35 INFO  utilities.LogUtil - Launching application URL
2026-04-30 23:10:41 INFO  utilities.LogUtil - Clicking car link: Tata Punch
2026-04-30 23:10:47 INFO  utilities.LogUtil - Closing browser
2026-04-30 23:11:00 INFO  utilities.LogUtil - Starting browser setup
2026-04-30 23:11:04 INFO  utilities.LogUtil - Launching application URL
2026-04-30 23:11:11 INFO  utilities.LogUtil - Clicking car link: Tata Punch
2026-04-30 23:11:22 WARN  utilities.LogUtil - Price section not found for: Tata Punch
2026-04-30 23:11:26 INFO  utilities.LogUtil - Clicking car link: 4.6 |  89 reviews
2026-04-30 23:11:38 WARN  utilities.LogUtil - Price section not found for: 4.6 |  89 reviews
2026-04-30 23:11:42 INFO  utilities.LogUtil - Clicking car link: Tata Nexon
2026-04-30 23:11:54 WARN  utilities.LogUtil - Price section not found for: Tata Nexon
2026-04-30 23:11:58 INFO  utilities.LogUtil - Clicking car link: 4.5 |  198 reviews
2026-04-30 23:12:10 WARN  utilities.LogUtil - Price section not found for: 4.5 |  198 reviews
2026-04-30 23:12:14 INFO  utilities.LogUtil - Clicking car link: Maruti Suzuki FRONX
2026-04-30 23:12:32 INFO  utilities.LogUtil - Starting browser setup
2026-04-30 23:12:35 INFO  utilities.LogUtil - Launching application URL
2026-04-30 23:12:40 INFO  utilities.LogUtil - Clicking car link: Tata Punch
2026-04-30 23:12:43 INFO  utilities.LogUtil - Force‑scrolled to On‑Road Price section
2026-04-30 23:12:48 INFO  utilities.LogUtil - Clicking car link: 4.6 |  89 reviews
2026-04-30 23:12:50 INFO  utilities.LogUtil - Force‑scrolled to On‑Road Price section
2026-04-30 23:12:56 INFO  utilities.LogUtil - Clicking car link: Tata Nexon
2026-04-30 23:12:58 INFO  utilities.LogUtil - Force‑scrolled to On‑Road Price section
2026-04-30 23:13:04 INFO  utilities.LogUtil - Clicking car link: 4.5 |  198 reviews
2026-04-30 23:13:06 INFO  utilities.LogUtil - Force‑scrolled to On‑Road Price section
2026-04-30 23:13:12 INFO  utilities.LogUtil - Clicking car link: Maruti Suzuki FRONX
2026-04-30 23:13:15 INFO  utilities.LogUtil - Force‑scrolled to On‑Road Price section
2026-04-30 23:13:21 INFO  utilities.LogUtil - Clicking car link: 4.3 |  140 reviews
2026-04-30 23:13:23 INFO  utilities.LogUtil - Force‑scrolled to On‑Road Price section
2026-04-30 23:13:30 INFO  utilities.LogUtil - Starting browser setup
2026-04-30 23:13:33 INFO  utilities.LogUtil - Launching application URL
2026-04-30 23:13:40 INFO  utilities.LogUtil - Clicking car link: Tata Punch
2026-04-30 23:13:42 INFO  utilities.LogUtil - Force‑scrolled to On‑Road Price section
2026-04-30 23:13:47 INFO  utilities.LogUtil - Clicking car link: 4.6 |  89 reviews
2026-04-30 23:13:49 INFO  utilities.LogUtil - Force‑scrolled to On‑Road Price section
2026-04-30 23:13:56 INFO  utilities.LogUtil - Starting browser setup
2026-04-30 23:14:00 INFO  utilities.LogUtil - Launching application URL
2026-04-30 23:14:08 INFO  utilities.LogUtil - Clicking car link: Tata Punch
2026-04-30 23:14:10 INFO  utilities.LogUtil - Force‑scrolled to On‑Road Price section
2026-04-30 23:14:15 INFO  utilities.LogUtil - Clicking car link: 4.6 |  89 reviews
2026-04-30 23:14:18 INFO  utilities.LogUtil - Force‑scrolled to On‑Road Price section
2026-04-30 23:14:25 INFO  utilities.LogUtil - Starting browser setup
2026-04-30 23:14:29 INFO  utilities.LogUtil - Launching application URL
2026-04-30 23:14:37 INFO  utilities.LogUtil - Clicking car link: Tata Punch
2026-04-30 23:14:39 INFO  utilities.LogUtil - Force‑scrolled to On‑Road Price section
2026-04-30 23:14:44 INFO  utilities.LogUtil - Closing browser
2026-04-30 23:17:24 INFO  utilities.LogUtil - Starting browser setup
2026-04-30 23:17:29 INFO  utilities.LogUtil - Launching application URL
2026-04-30 23:17:37 INFO  utilities.LogUtil - Clicking car link: Tata Punch
2026-04-30 23:17:38 INFO  utilities.LogUtil - Force‑scrolled to On‑Road Price section
2026-04-30 23:17:38 INFO  utilities.LogUtil - ✅ LOWEST PRICE CITY:  | Price: Rs. 1.7976931348623157E308 Lakh
2026-04-30 23:17:40 INFO  utilities.LogUtil - Clicking car link: 4.6 |  89 reviews
2026-04-30 23:17:41 INFO  utilities.LogUtil - Force‑scrolled to On‑Road Price section
2026-04-30 23:17:41 INFO  utilities.LogUtil - ✅ LOWEST PRICE CITY:  | Price: Rs. 1.7976931348623157E308 Lakh
2026-04-30 23:17:44 INFO  utilities.LogUtil - Clicking car link: Tata Nexon
2026-04-30 23:17:46 INFO  utilities.LogUtil - Force‑scrolled to On‑Road Price section
2026-04-30 23:17:46 INFO  utilities.LogUtil - ✅ LOWEST PRICE CITY:  | Price: Rs. 1.7976931348623157E308 Lakh
2026-04-30 23:17:49 INFO  utilities.LogUtil - Clicking car link: 4.5 |  198 reviews
2026-04-30 23:17:50 INFO  utilities.LogUtil - Force‑scrolled to On‑Road Price section
2026-04-30 23:17:50 INFO  utilities.LogUtil - ✅ LOWEST PRICE CITY:  | Price: Rs. 1.7976931348623157E308 Lakh
2026-04-30 23:17:53 INFO  utilities.LogUtil - Clicking car link: Maruti Suzuki FRONX
2026-04-30 23:17:54 INFO  utilities.LogUtil - Force‑scrolled to On‑Road Price section
2026-04-30 23:17:54 INFO  utilities.LogUtil - ✅ LOWEST PRICE CITY:  | Price: Rs. 1.7976931348623157E308 Lakh
2026-04-30 23:17:57 INFO  utilities.LogUtil - Clicking car link: 4.3 |  140 reviews
2026-04-30 23:17:58 INFO  utilities.LogUtil - Force‑scrolled to On‑Road Price section
2026-04-30 23:17:58 INFO  utilities.LogUtil - ✅ LOWEST PRICE CITY:  | Price: Rs. 1.7976931348623157E308 Lakh
2026-04-30 23:18:01 INFO  utilities.LogUtil - Clicking car link: Maruti Suzuki Swift
2026-04-30 23:18:03 INFO  utilities.LogUtil - Force‑scrolled to On‑Road Price section
2026-04-30 23:18:03 INFO  utilities.LogUtil - ✅ LOWEST PRICE CITY:  | Price: Rs. 1.7976931348623157E308 Lakh
2026-04-30 23:18:06 INFO  utilities.LogUtil - Clicking car link: 4.2 |  162 reviews
2026-04-30 23:18:07 INFO  utilities.LogUtil - Force‑scrolled to On‑Road Price section
2026-04-30 23:18:07 INFO  utilities.LogUtil - ✅ LOWEST PRICE CITY:  | Price: Rs. 1.7976931348623157E308 Lakh
2026-04-30 23:18:10 INFO  utilities.LogUtil - Clicking car link: Maruti Suzuki Ertiga
2026-04-30 23:18:12 INFO  utilities.LogUtil - Force‑scrolled to On‑Road Price section
2026-04-30 23:18:12 INFO  utilities.LogUtil - ✅ LOWEST PRICE CITY:  | Price: Rs. 1.7976931348623157E308 Lakh
2026-04-30 23:18:14 INFO  utilities.LogUtil - Clicking car link: 4.1 |  197 reviews
2026-04-30 23:18:16 INFO  utilities.LogUtil - Force‑scrolled to On‑Road Price section
2026-04-30 23:18:16 INFO  utilities.LogUtil - ✅ LOWEST PRICE CITY:  | Price: Rs. 1.7976931348623157E308 Lakh
2026-04-30 23:18:19 INFO  utilities.LogUtil - Clicking car link: Maruti Suzuki Brezza
2026-04-30 23:18:21 INFO  utilities.LogUtil - Force‑scrolled to On‑Road Price section
2026-04-30 23:18:21 INFO  utilities.LogUtil - ✅ LOWEST PRICE CITY:  | Price: Rs. 1.7976931348623157E308 Lakh
2026-04-30 23:18:23 INFO  utilities.LogUtil - Clicking car link: 4.2 |  216 reviews
2026-04-30 23:18:25 INFO  utilities.LogUtil - Force‑scrolled to On‑Road Price section
2026-04-30 23:18:25 INFO  utilities.LogUtil - ✅ LOWEST PRICE CITY:  | Price: Rs. 1.7976931348623157E308 Lakh
2026-04-30 23:18:28 INFO  utilities.LogUtil - Clicking car link: Maruti Suzuki Baleno
2026-04-30 23:18:29 INFO  utilities.LogUtil - Force‑scrolled to On‑Road Price section
2026-04-30 23:18:30 INFO  utilities.LogUtil - ✅ LOWEST PRICE CITY:  | Price: Rs. 1.7976931348623157E308 Lakh
2026-04-30 23:18:32 INFO  utilities.LogUtil - Clicking car link: 4.2 |  259 reviews
2026-04-30 23:18:34 INFO  utilities.LogUtil - Force‑scrolled to On‑Road Price section
2026-04-30 23:18:34 INFO  utilities.LogUtil - ✅ LOWEST PRICE CITY:  | Price: Rs. 1.7976931348623157E308 Lakh
2026-04-30 23:18:37 INFO  utilities.LogUtil - Clicking car link: Maruti Suzuki Dzire
2026-04-30 23:18:38 INFO  utilities.LogUtil - Force‑scrolled to On‑Road Price section
2026-04-30 23:18:38 INFO  utilities.LogUtil - ✅ LOWEST PRICE CITY:  | Price: Rs. 1.7976931348623157E308 Lakh
2026-04-30 23:18:41 INFO  utilities.LogUtil - Clicking car link: 4.5 |  42 reviews
2026-04-30 23:18:42 INFO  utilities.LogUtil - Force‑scrolled to On‑Road Price section
2026-04-30 23:18:42 INFO  utilities.LogUtil - ✅ LOWEST PRICE CITY:  | Price: Rs. 1.7976931348623157E308 Lakh
2026-04-30 23:18:45 INFO  utilities.LogUtil - Clicking car link: Hyundai Aura
2026-04-30 23:18:46 INFO  utilities.LogUtil - Force‑scrolled to On‑Road Price section
2026-04-30 23:18:46 INFO  utilities.LogUtil - ✅ LOWEST PRICE CITY:  | Price: Rs. 1.7976931348623157E308 Lakh
2026-04-30 23:18:49 INFO  utilities.LogUtil - Clicking car link: 4.2 |  68 reviews
2026-04-30 23:18:51 INFO  utilities.LogUtil - Force‑scrolled to On‑Road Price section
2026-04-30 23:18:51 INFO  utilities.LogUtil - ✅ LOWEST PRICE CITY:  | Price: Rs. 1.7976931348623157E308 Lakh
2026-04-30 23:18:53 INFO  utilities.LogUtil - Clicking car link: Toyota Urban Cruiser Hyryder
2026-04-30 23:18:55 INFO  utilities.LogUtil - Force‑scrolled to On‑Road Price section
2026-04-30 23:18:55 INFO  utilities.LogUtil - ✅ LOWEST PRICE CITY:  | Price: Rs. 1.7976931348623157E308 Lakh
2026-04-30 23:18:58 INFO  utilities.LogUtil - Clicking car link: 4.4 |  140 reviews
2026-04-30 23:19:00 INFO  utilities.LogUtil - Force‑scrolled to On‑Road Price section
2026-04-30 23:19:00 INFO  utilities.LogUtil - ✅ LOWEST PRICE CITY:  | Price: Rs. 1.7976931348623157E308 Lakh
2026-04-30 23:19:02 INFO  utilities.LogUtil - Clicking car link: Tata Tiago
2026-04-30 23:19:04 INFO  utilities.LogUtil - Force‑scrolled to On‑Road Price section
2026-04-30 23:19:04 INFO  utilities.LogUtil - ✅ LOWEST PRICE CITY:  | Price: Rs. 1.7976931348623157E308 Lakh
2026-04-30 23:19:07 INFO  utilities.LogUtil - Clicking car link: 4.3 |  402 reviews
2026-04-30 23:19:08 INFO  utilities.LogUtil - Force‑scrolled to On‑Road Price section
2026-04-30 23:19:08 INFO  utilities.LogUtil - ✅ LOWEST PRICE CITY:  | Price: Rs. 1.7976931348623157E308 Lakh
2026-04-30 23:19:16 INFO  utilities.LogUtil - Starting browser setup
2026-04-30 23:19:20 INFO  utilities.LogUtil - Launching application URL
2026-04-30 23:19:27 INFO  utilities.LogUtil - Closing browser
2026-04-30 23:22:48 INFO  utilities.LogUtil - Starting browser setup
2026-04-30 23:22:51 INFO  utilities.LogUtil - Launching application URL
2026-04-30 23:22:57 INFO  utilities.LogUtil - Clicking car link: Tata Punch
2026-04-30 23:22:58 INFO  utilities.LogUtil - Force‑scrolled to On‑Road Price section
2026-04-30 23:22:58 INFO  utilities.LogUtil - ✅ LOWEST PRICE CITY:  | Price: Rs. 1.7976931348623157E308 Lakh
2026-04-30 23:23:00 INFO  utilities.LogUtil - Clicking car link: 4.6 |  89 reviews
2026-04-30 23:23:00 INFO  utilities.LogUtil - Force‑scrolled to On‑Road Price section
2026-04-30 23:23:00 INFO  utilities.LogUtil - ✅ LOWEST PRICE CITY:  | Price: Rs. 1.7976931348623157E308 Lakh
2026-04-30 23:23:02 INFO  utilities.LogUtil - Clicking car link: Tata Nexon
2026-04-30 23:23:03 INFO  utilities.LogUtil - Force‑scrolled to On‑Road Price section
2026-04-30 23:23:03 INFO  utilities.LogUtil - ✅ LOWEST PRICE CITY:  | Price: Rs. 1.7976931348623157E308 Lakh
2026-04-30 23:23:05 INFO  utilities.LogUtil - Clicking car link: 4.5 |  198 reviews
2026-04-30 23:23:06 INFO  utilities.LogUtil - Force‑scrolled to On‑Road Price section
2026-04-30 23:23:06 INFO  utilities.LogUtil - ✅ LOWEST PRICE CITY:  | Price: Rs. 1.7976931348623157E308 Lakh
2026-04-30 23:23:08 INFO  utilities.LogUtil - Clicking car link: Maruti Suzuki FRONX
2026-04-30 23:23:09 INFO  utilities.LogUtil - Force‑scrolled to On‑Road Price section
2026-04-30 23:23:09 INFO  utilities.LogUtil - ✅ LOWEST PRICE CITY:  | Price: Rs. 1.7976931348623157E308 Lakh
2026-04-30 23:23:12 INFO  utilities.LogUtil - Clicking car link: 4.3 |  140 reviews
2026-04-30 23:23:12 INFO  utilities.LogUtil - Force‑scrolled to On‑Road Price section
2026-04-30 23:23:12 INFO  utilities.LogUtil - ✅ LOWEST PRICE CITY:  | Price: Rs. 1.7976931348623157E308 Lakh
2026-04-30 23:23:15 INFO  utilities.LogUtil - Clicking car link: Maruti Suzuki Swift
2026-04-30 23:23:15 INFO  utilities.LogUtil - Force‑scrolled to On‑Road Price section
2026-04-30 23:23:15 INFO  utilities.LogUtil - ✅ LOWEST PRICE CITY:  | Price: Rs. 1.7976931348623157E308 Lakh
2026-04-30 23:23:18 INFO  utilities.LogUtil - Clicking car link: 4.2 |  162 reviews
2026-04-30 23:23:18 INFO  utilities.LogUtil - Force‑scrolled to On‑Road Price section
2026-04-30 23:23:18 INFO  utilities.LogUtil - ✅ LOWEST PRICE CITY:  | Price: Rs. 1.7976931348623157E308 Lakh
2026-04-30 23:23:20 INFO  utilities.LogUtil - Clicking car link: Maruti Suzuki Ertiga
2026-04-30 23:23:21 INFO  utilities.LogUtil - Force‑scrolled to On‑Road Price section
2026-04-30 23:23:21 INFO  utilities.LogUtil - ✅ LOWEST PRICE CITY:  | Price: Rs. 1.7976931348623157E308 Lakh
2026-04-30 23:23:22 INFO  utilities.LogUtil - Clicking car link: 4.1 |  197 reviews
2026-04-30 23:23:23 INFO  utilities.LogUtil - Force‑scrolled to On‑Road Price section
2026-04-30 23:23:23 INFO  utilities.LogUtil - ✅ LOWEST PRICE CITY:  | Price: Rs. 1.7976931348623157E308 Lakh
2026-04-30 23:24:39 INFO  utilities.LogUtil - Starting browser setup
2026-04-30 23:24:42 INFO  utilities.LogUtil - Launching application URL
2026-04-30 23:24:49 INFO  utilities.LogUtil - Closing browser
2026-04-30 23:26:12 INFO  utilities.LogUtil - Starting browser setup
2026-04-30 23:26:15 INFO  utilities.LogUtil - Launching application URL
2026-04-30 23:26:21 INFO  utilities.LogUtil - Clicking car link: Tata Punch
2026-04-30 23:26:22 INFO  utilities.LogUtil - Force‑scrolled to On‑Road Price section
2026-04-30 23:26:22 INFO  utilities.LogUtil - Closing browser
2026-04-30 23:28:14 INFO  utilities.LogUtil - Starting browser setup
2026-04-30 23:28:17 INFO  utilities.LogUtil - Launching application URL
2026-04-30 23:28:25 INFO  utilities.LogUtil - Clicking car link: Tata Punch
2026-04-30 23:28:25 INFO  utilities.LogUtil - Force‑scrolled to On‑Road Price section
2026-04-30 23:28:26 INFO  utilities.LogUtil - City: Punch Smart | Price: Rs. 5.65 Lakh
2026-04-30 23:28:26 INFO  utilities.LogUtil - City: Punch Pure | Price: Rs. 6.55 Lakh
2026-04-30 23:28:26 INFO  utilities.LogUtil - City: Punch Smart CNG | Price: Rs. 6.75 Lakh
2026-04-30 23:28:26 INFO  utilities.LogUtil - City: Punch Pure Plus | Price: Rs. 7.05 Lakh
2026-04-30 23:28:26 INFO  utilities.LogUtil - City: Punch Pure Plus S | Price: Rs. 7.4 Lakh
2026-04-30 23:28:26 INFO  utilities.LogUtil - City: Punch Pure CNG | Price: Rs. 7.55 Lakh
2026-04-30 23:28:28 INFO  utilities.LogUtil - City: Delhi | Price: Rs. 6.21 Lakh
2026-04-30 23:28:28 INFO  utilities.LogUtil - City: Kolkata | Price: Rs. 6.34 Lakh
2026-04-30 23:28:28 INFO  utilities.LogUtil - City: Bangalore | Price: Rs. 6.78 Lakh
2026-04-30 23:28:28 INFO  utilities.LogUtil - City: Hyderabad | Price: Rs. 6.78 Lakh
2026-04-30 23:28:28 INFO  utilities.LogUtil - City: Mumbai | Price: Rs. 6.61 Lakh
2026-04-30 23:28:28 INFO  utilities.LogUtil - City: Ahmedabad | Price: Rs. 6.43 Lakh
2026-04-30 23:28:28 INFO  utilities.LogUtil - City: Pune | Price: Rs. 6.61 Lakh
2026-04-30 23:28:28 INFO  utilities.LogUtil - City: Chennai | Price: Rs. 6.72 Lakh
2026-04-30 23:28:29 INFO  utilities.LogUtil - City: Patna | Price: Rs. 6.54 Lakh
2026-04-30 23:28:29 INFO  utilities.LogUtil - City: Jaipur | Price: Rs. 6.83 Lakh
2026-04-30 23:28:29 INFO  utilities.LogUtil - ✅ LOWEST PRICE CITY: Punch Smart | Price: Rs. 5.65 Lakh
2026-04-30 23:28:30 INFO  utilities.LogUtil - Clicking car link: 4.6 |  89 reviews
2026-04-30 23:28:31 INFO  utilities.LogUtil - Force‑scrolled to On‑Road Price section
2026-04-30 23:28:44 INFO  utilities.LogUtil - Closing browser
2026-04-30 23:30:40 INFO  utilities.LogUtil - Starting browser setup
2026-04-30 23:30:43 INFO  utilities.LogUtil - Launching application URL
2026-04-30 23:30:46 INFO  utilities.LogUtil - Clicking car link: Tata Punch
2026-04-30 23:30:47 INFO  utilities.LogUtil - Force‑scrolled to On‑Road Price section
2026-04-30 23:30:59 INFO  utilities.LogUtil - Closing browser
2026-04-30 23:31:30 INFO  utilities.LogUtil - Starting browser setup
2026-04-30 23:31:33 INFO  utilities.LogUtil - Launching application URL
2026-04-30 23:31:37 INFO  utilities.LogUtil - Clicking car link: Tata Punch
2026-04-30 23:31:39 INFO  utilities.LogUtil - Force‑scrolled to On‑Road Price section
2026-04-30 23:31:40 INFO  utilities.LogUtil - City: Punch Smart | Price: Rs. 5.65 Lakh
2026-04-30 23:31:40 INFO  utilities.LogUtil - City: Punch Pure | Price: Rs. 6.55 Lakh
2026-04-30 23:31:40 INFO  utilities.LogUtil - City: Punch Smart CNG | Price: Rs. 6.75 Lakh
2026-04-30 23:31:40 INFO  utilities.LogUtil - City: Punch Pure Plus | Price: Rs. 7.05 Lakh
2026-04-30 23:31:40 INFO  utilities.LogUtil - City: Punch Pure Plus S | Price: Rs. 7.4 Lakh
2026-04-30 23:31:40 INFO  utilities.LogUtil - City: Punch Pure CNG | Price: Rs. 7.55 Lakh
2026-04-30 23:31:42 INFO  utilities.LogUtil - City: Delhi | Price: Rs. 6.21 Lakh
2026-04-30 23:31:42 INFO  utilities.LogUtil - City: Kolkata | Price: Rs. 6.34 Lakh
2026-04-30 23:31:42 INFO  utilities.LogUtil - City: Bangalore | Price: Rs. 6.78 Lakh
2026-04-30 23:31:42 INFO  utilities.LogUtil - City: Hyderabad | Price: Rs. 6.78 Lakh
2026-04-30 23:31:42 INFO  utilities.LogUtil - City: Mumbai | Price: Rs. 6.61 Lakh
2026-04-30 23:31:42 INFO  utilities.LogUtil - City: Ahmedabad | Price: Rs. 6.43 Lakh
2026-04-30 23:31:42 INFO  utilities.LogUtil - City: Pune | Price: Rs. 6.61 Lakh
2026-04-30 23:31:42 INFO  utilities.LogUtil - City: Chennai | Price: Rs. 6.72 Lakh
2026-04-30 23:31:43 INFO  utilities.LogUtil - City: Patna | Price: Rs. 6.54 Lakh
2026-04-30 23:31:43 INFO  utilities.LogUtil - City: Jaipur | Price: Rs. 6.83 Lakh
2026-04-30 23:31:43 INFO  utilities.LogUtil - ✅ LOWEST PRICE CITY: Punch Smart | Price: Rs. 5.65 Lakh
2026-04-30 23:31:44 INFO  utilities.LogUtil - Clicking car link: 4.6 |  89 reviews
2026-04-30 23:31:44 INFO  utilities.LogUtil - Force‑scrolled to On‑Road Price section
2026-04-30 23:31:57 INFO  utilities.LogUtil - Closing browser
2026-04-30 23:34:12 INFO  utilities.LogUtil - Starting browser setup
2026-04-30 23:34:15 INFO  utilities.LogUtil - Launching application URL
2026-04-30 23:34:37 INFO  utilities.LogUtil - Closing browser
2026-04-30 23:36:14 INFO  utilities.LogUtil - Starting browser setup
2026-04-30 23:36:17 INFO  utilities.LogUtil - Launching application URL
2026-04-30 23:36:23 INFO  utilities.LogUtil - Clicking car link: Tata Punch
2026-04-30 23:36:24 INFO  utilities.LogUtil - Force‑scrolled to On‑Road Price section
2026-04-30 23:36:25 INFO  utilities.LogUtil - Clicking car link: 4.6 |  89 reviews
2026-04-30 23:36:25 INFO  utilities.LogUtil - Force‑scrolled to On‑Road Price section
2026-04-30 23:36:38 INFO  utilities.LogUtil - Closing browser
2026-04-30 23:36:47 INFO  utilities.LogUtil - Starting browser setup
2026-04-30 23:36:50 INFO  utilities.LogUtil - Launching application URL
2026-04-30 23:36:56 INFO  utilities.LogUtil - Clicking car link: Tata Punch
2026-04-30 23:36:57 INFO  utilities.LogUtil - Force‑scrolled to On‑Road Price section
2026-04-30 23:36:58 INFO  utilities.LogUtil - Clicking car link: 4.6 |  89 reviews
2026-04-30 23:36:59 INFO  utilities.LogUtil - Force‑scrolled to On‑Road Price section
2026-04-30 23:37:11 INFO  utilities.LogUtil - Closing browser
2026-04-30 23:37:55 INFO  utilities.LogUtil - Starting browser setup
2026-04-30 23:37:58 INFO  utilities.LogUtil - Launching application URL
2026-04-30 23:38:04 INFO  utilities.LogUtil - Clicking car link: Tata Punch
2026-04-30 23:38:05 INFO  utilities.LogUtil - Force‑scrolled to On‑Road Price section
2026-04-30 23:38:06 INFO  utilities.LogUtil - Clicking car link: 4.6 |  89 reviews
2026-04-30 23:38:07 INFO  utilities.LogUtil - Force‑scrolled to On‑Road Price section
2026-04-30 23:38:20 INFO  utilities.LogUtil - Closing browser
2026-04-30 23:38:38 INFO  utilities.LogUtil - Starting browser setup
2026-04-30 23:38:42 INFO  utilities.LogUtil - Launching application URL
2026-04-30 23:38:49 INFO  utilities.LogUtil - Clicking car link: Tata Punch
2026-04-30 23:38:49 INFO  utilities.LogUtil - Force‑scrolled to On‑Road Price section
2026-04-30 23:38:50 INFO  utilities.LogUtil - Clicking car link: 4.6 |  89 reviews
2026-04-30 23:38:51 INFO  utilities.LogUtil - Force‑scrolled to On‑Road Price section
2026-04-30 23:38:52 INFO  utilities.LogUtil - Clicking car link: Tata Nexon
2026-04-30 23:38:53 INFO  utilities.LogUtil - Force‑scrolled to On‑Road Price section
2026-04-30 23:38:55 INFO  utilities.LogUtil - Clicking car link: 4.5 |  198 reviews
2026-04-30 23:38:55 INFO  utilities.LogUtil - Force‑scrolled to On‑Road Price section
2026-04-30 23:38:57 INFO  utilities.LogUtil - Clicking car link: Maruti Suzuki FRONX
2026-04-30 23:38:58 INFO  utilities.LogUtil - Force‑scrolled to On‑Road Price section
2026-04-30 23:38:59 INFO  utilities.LogUtil - Clicking car link: 4.3 |  140 reviews
2026-04-30 23:39:00 INFO  utilities.LogUtil - Force‑scrolled to On‑Road Price section
2026-04-30 23:39:01 INFO  utilities.LogUtil - Clicking car link: Maruti Suzuki Swift
2026-04-30 23:39:02 INFO  utilities.LogUtil - Force‑scrolled to On‑Road Price section
2026-04-30 23:39:03 INFO  utilities.LogUtil - Clicking car link: 4.2 |  162 reviews
2026-04-30 23:39:04 INFO  utilities.LogUtil - Force‑scrolled to On‑Road Price section
2026-04-30 23:39:05 INFO  utilities.LogUtil - Clicking car link: Maruti Suzuki Ertiga
2026-04-30 23:39:06 INFO  utilities.LogUtil - Force‑scrolled to On‑Road Price section
2026-04-30 23:39:07 INFO  utilities.LogUtil - Clicking car link: 4.1 |  197 reviews
2026-04-30 23:39:08 INFO  utilities.LogUtil - Force‑scrolled to On‑Road Price section
2026-04-30 23:39:09 INFO  utilities.LogUtil - Clicking car link: Maruti Suzuki Brezza
2026-04-30 23:39:10 INFO  utilities.LogUtil - Force‑scrolled to On‑Road Price section
2026-04-30 23:39:10 INFO  utilities.LogUtil - Closing browser
2026-04-30 23:41:59 INFO  utilities.LogUtil - Starting browser setup
2026-04-30 23:42:02 INFO  utilities.LogUtil - Launching application URL
2026-04-30 23:42:08 INFO  utilities.LogUtil - Clicking car link: Tata Punch
2026-04-30 23:42:09 INFO  utilities.LogUtil - Force‑scrolled to On‑Road Price section
2026-04-30 23:42:09 INFO  utilities.LogUtil - Scrolled to On‑Road Price table header
2026-04-30 23:42:10 INFO  utilities.LogUtil - Clicking car link: 4.6 |  89 reviews
2026-04-30 23:42:11 INFO  utilities.LogUtil - Force‑scrolled to On‑Road Price section
2026-04-30 23:42:23 INFO  utilities.LogUtil - Closing browser
2026-04-30 23:42:30 INFO  utilities.LogUtil - Starting browser setup
2026-04-30 23:42:33 INFO  utilities.LogUtil - Launching application URL
2026-04-30 23:42:39 INFO  utilities.LogUtil - Clicking car link: Tata Punch
2026-04-30 23:42:40 INFO  utilities.LogUtil - Force‑scrolled to On‑Road Price section
2026-04-30 23:42:40 INFO  utilities.LogUtil - Scrolled to On‑Road Price table header
2026-04-30 23:42:41 INFO  utilities.LogUtil - Clicking car link: 4.6 |  89 reviews
2026-04-30 23:42:42 INFO  utilities.LogUtil - Force‑scrolled to On‑Road Price section
2026-04-30 23:42:54 INFO  utilities.LogUtil - Closing browser
2026-04-30 23:43:25 INFO  utilities.LogUtil - Starting browser setup
2026-04-30 23:43:28 INFO  utilities.LogUtil - Launching application URL
2026-04-30 23:43:34 INFO  utilities.LogUtil - Clicking car link: Tata Punch
2026-04-30 23:43:35 INFO  utilities.LogUtil - Force‑scrolled to On‑Road Price section
2026-04-30 23:43:35 INFO  utilities.LogUtil - Scrolled to On‑Road Price table header
2026-04-30 23:43:36 INFO  utilities.LogUtil - Clicking car link: 4.6 |  89 reviews
2026-04-30 23:43:37 INFO  utilities.LogUtil - Force‑scrolled to On‑Road Price section
2026-04-30 23:43:49 INFO  utilities.LogUtil - Closing browser
2026-04-30 23:44:00 INFO  utilities.LogUtil - Starting browser setup
2026-04-30 23:44:03 INFO  utilities.LogUtil - Launching application URL
2026-04-30 23:44:08 INFO  utilities.LogUtil - Clicking car link: Tata Punch
2026-04-30 23:44:09 INFO  utilities.LogUtil - Force‑scrolled to On‑Road Price section
2026-04-30 23:44:10 INFO  utilities.LogUtil - Scrolled to On‑Road Price table header
2026-04-30 23:44:11 INFO  utilities.LogUtil - Clicking car link: 4.6 |  89 reviews
2026-04-30 23:44:11 INFO  utilities.LogUtil - Force‑scrolled to On‑Road Price section
2026-04-30 23:44:24 INFO  utilities.LogUtil - Closing browser
2026-04-30 23:44:32 INFO  utilities.LogUtil - Starting browser setup
2026-04-30 23:44:36 INFO  utilities.LogUtil - Launching application URL
2026-04-30 23:44:42 INFO  utilities.LogUtil - Clicking car link: Tata Punch
2026-04-30 23:44:43 INFO  utilities.LogUtil - Force‑scrolled to On‑Road Price section
2026-04-30 23:44:44 INFO  utilities.LogUtil - Scrolled to On‑Road Price table header
2026-04-30 23:44:45 INFO  utilities.LogUtil - Clicking car link: 4.6 |  89 reviews
2026-04-30 23:44:46 INFO  utilities.LogUtil - Force‑scrolled to On‑Road Price section
2026-04-30 23:44:59 INFO  utilities.LogUtil - Closing browser
2026-04-30 23:45:34 INFO  utilities.LogUtil - Starting browser setup
2026-04-30 23:45:40 INFO  utilities.LogUtil - Launching application URL
2026-04-30 23:45:46 INFO  utilities.LogUtil - Clicking car link: Tata Punch
2026-04-30 23:45:48 INFO  utilities.LogUtil - Force‑scrolled to On‑Road Price section
2026-04-30 23:45:48 INFO  utilities.LogUtil - Clicking car link: 4.6 |  89 reviews
2026-04-30 23:45:49 INFO  utilities.LogUtil - Force‑scrolled to On‑Road Price section
2026-04-30 23:45:50 INFO  utilities.LogUtil - Clicking car link: Tata Nexon
2026-04-30 23:45:52 INFO  utilities.LogUtil - Force‑scrolled to On‑Road Price section
2026-04-30 23:45:54 INFO  utilities.LogUtil - Clicking car link: 4.5 |  198 reviews
2026-04-30 23:45:56 INFO  utilities.LogUtil - Force‑scrolled to On‑Road Price section
2026-04-30 23:45:57 INFO  utilities.LogUtil - Clicking car link: Maruti Suzuki FRONX
2026-04-30 23:46:00 INFO  utilities.LogUtil - Force‑scrolled to On‑Road Price section
2026-04-30 23:46:01 INFO  utilities.LogUtil - Clicking car link: 4.3 |  140 reviews
2026-04-30 23:46:03 INFO  utilities.LogUtil - Force‑scrolled to On‑Road Price section
2026-04-30 23:46:04 INFO  utilities.LogUtil - Clicking car link: Maruti Suzuki Swift
2026-04-30 23:46:05 INFO  utilities.LogUtil - Force‑scrolled to On‑Road Price section
2026-04-30 23:46:07 INFO  utilities.LogUtil - Clicking car link: 4.2 |  162 reviews
2026-04-30 23:46:08 INFO  utilities.LogUtil - Force‑scrolled to On‑Road Price section
2026-04-30 23:46:10 INFO  utilities.LogUtil - Clicking car link: Maruti Suzuki Ertiga
2026-04-30 23:46:11 INFO  utilities.LogUtil - Force‑scrolled to On‑Road Price section
2026-04-30 23:46:13 INFO  utilities.LogUtil - Clicking car link: 4.1 |  197 reviews
2026-04-30 23:46:14 INFO  utilities.LogUtil - Force‑scrolled to On‑Road Price section
2026-04-30 23:46:16 INFO  utilities.LogUtil - Clicking car link: Maruti Suzuki Brezza
2026-04-30 23:46:18 INFO  utilities.LogUtil - Force‑scrolled to On‑Road Price section
2026-04-30 23:46:19 INFO  utilities.LogUtil - Clicking car link: 4.2 |  216 reviews
2026-04-30 23:46:21 INFO  utilities.LogUtil - Force‑scrolled to On‑Road Price section
2026-04-30 23:46:21 INFO  utilities.LogUtil - Closing browser
2026-04-30 23:48:05 INFO  utilities.LogUtil - Starting browser setup
2026-04-30 23:48:11 INFO  utilities.LogUtil - Launching application URL
2026-04-30 23:48:21 INFO  utilities.LogUtil - Closing browser
2026-04-30 23:49:54 INFO  utilities.LogUtil - Starting browser setup
2026-04-30 23:50:00 INFO  utilities.LogUtil - Launching application URL
2026-04-30 23:50:07 INFO  utilities.LogUtil - Force‑scrolled to On‑Road Price section
2026-04-30 23:50:21 INFO  utilities.LogUtil - Closing browser
2026-05-04 09:30:17 INFO  utilities.LogUtil - Starting browser setup
2026-05-04 09:30:25 INFO  utilities.LogUtil - Launching application URL
2026-05-04 09:30:29 INFO  utilities.LogUtil - Closing browser
2026-05-04 09:30:39 INFO  utilities.LogUtil - Starting browser setup
2026-05-04 09:30:44 INFO  utilities.LogUtil - Launching application URL
2026-05-04 09:31:01 INFO  utilities.LogUtil - Starting browser setup
2026-05-04 09:31:05 INFO  utilities.LogUtil - Launching application URL
2026-05-04 09:31:10 INFO  utilities.LogUtil - Closing browser
2026-05-04 09:31:35 INFO  utilities.LogUtil - Starting browser setup
2026-05-04 09:31:38 INFO  utilities.LogUtil - Launching application URL
2026-05-04 09:31:43 INFO  utilities.LogUtil - Closing browser
2026-05-04 09:36:31 INFO  utilities.LogUtil - Starting browser setup
2026-05-04 09:36:34 INFO  utilities.LogUtil - Launching application URL
2026-05-04 09:36:39 INFO  utilities.LogUtil - Closing browser
2026-05-04 09:37:28 INFO  utilities.LogUtil - Starting browser setup
2026-05-04 09:37:31 INFO  utilities.LogUtil - Launching application URL
2026-05-04 09:37:36 INFO  utilities.LogUtil - Closing browser
2026-05-04 09:38:12 INFO  utilities.LogUtil - Starting browser setup
2026-05-04 09:38:14 INFO  utilities.LogUtil - Launching application URL
2026-05-04 09:38:50 INFO  utilities.LogUtil - Closing browser
2026-05-04 09:40:57 INFO  utilities.LogUtil - Starting browser setup
2026-05-04 09:40:59 INFO  utilities.LogUtil - Launching application URL
2026-05-04 09:41:23 INFO  utilities.LogUtil - Starting browser setup
2026-05-04 09:41:26 INFO  utilities.LogUtil - Launching application URL
2026-05-04 09:42:15 INFO  utilities.LogUtil - Closing browser
2026-05-04 09:43:11 INFO  utilities.LogUtil - Starting browser setup
2026-05-04 09:43:13 INFO  utilities.LogUtil - Launching application URL
2026-05-04 09:44:10 INFO  utilities.LogUtil - Closing browser
2026-05-04 09:45:04 INFO  utilities.LogUtil - Starting browser setup
2026-05-04 09:45:08 INFO  utilities.LogUtil - Launching application URL
2026-05-04 09:46:35 INFO  utilities.LogUtil - No additional cars loaded
2026-05-04 09:46:40 INFO  utilities.LogUtil - No additional cars loaded
2026-05-04 09:46:40 INFO  utilities.LogUtil - Closing browser
2026-05-04 09:49:52 INFO  utilities.LogUtil - Starting browser setup
2026-05-04 09:49:55 INFO  utilities.LogUtil - Launching application URL
2026-05-04 09:50:19 INFO  utilities.LogUtil - Closing browser
2026-05-04 09:51:46 INFO  utilities.LogUtil - Starting browser setup
2026-05-04 09:51:49 INFO  utilities.LogUtil - Launching application URL
2026-05-04 09:53:17 INFO  utilities.LogUtil - No additional cars loaded after clicking More
2026-05-04 09:53:22 INFO  utilities.LogUtil - No additional cars loaded after clicking More
2026-05-04 09:53:22 INFO  utilities.LogUtil - Closing browser
2026-05-04 09:56:09 INFO  utilities.LogUtil - Starting browser setup
2026-05-04 09:56:11 INFO  utilities.LogUtil - Launching application URL
2026-05-04 09:56:35 INFO  utilities.LogUtil - RHS block not present on this car page
2026-05-04 09:56:48 INFO  utilities.LogUtil - RHS block not present on this car page
2026-05-04 09:56:54 INFO  utilities.LogUtil - No additional cars loaded
2026-05-04 09:56:59 INFO  utilities.LogUtil - No additional cars loaded
2026-05-04 09:57:00 INFO  utilities.LogUtil - Closing browser
2026-05-04 09:57:16 INFO  utilities.LogUtil - Starting browser setup
2026-05-04 09:57:19 INFO  utilities.LogUtil - Launching application URL
2026-05-04 09:58:15 INFO  utilities.LogUtil - RHS block not present on this car page
2026-05-04 09:58:53 INFO  utilities.LogUtil - RHS block not present on this car page
2026-05-04 09:59:01 INFO  utilities.LogUtil - No additional cars loaded
2026-05-04 09:59:06 INFO  utilities.LogUtil - No additional cars loaded
2026-05-04 09:59:06 INFO  utilities.LogUtil - Closing browser
2026-05-04 09:59:32 INFO  utilities.LogUtil - Starting browser setup
2026-05-04 09:59:34 INFO  utilities.LogUtil - Launching application URL
2026-05-04 10:00:13 INFO  utilities.LogUtil - RHS block not present on this car page
2026-05-04 10:00:46 INFO  utilities.LogUtil - RHS block not present on this car page
2026-05-04 10:00:53 INFO  utilities.LogUtil - No additional cars loaded
2026-05-04 10:00:59 INFO  utilities.LogUtil - No additional cars loaded
2026-05-04 10:00:59 INFO  utilities.LogUtil - Closing browser
2026-05-04 10:03:36 INFO  utilities.LogUtil - Starting browser setup
2026-05-04 10:03:39 INFO  utilities.LogUtil - Launching application URL
2026-05-04 10:04:49 INFO  utilities.LogUtil - RHS price table not found
2026-05-04 10:05:26 INFO  utilities.LogUtil - RHS price table not found
2026-05-04 10:05:32 INFO  utilities.LogUtil - No additional cars loaded
2026-05-04 10:05:38 INFO  utilities.LogUtil - No additional cars loaded
2026-05-04 10:05:38 INFO  utilities.LogUtil - Closing browser
2026-05-04 10:15:35 INFO  utilities.LogUtil - Starting browser setup
2026-05-04 10:15:38 INFO  utilities.LogUtil - Launching application URL
2026-05-04 10:16:17 INFO  utilities.LogUtil - Starting browser setup
2026-05-04 10:16:19 INFO  utilities.LogUtil - Launching application URL
2026-05-04 10:17:25 INFO  utilities.LogUtil - Closing browser
2026-05-04 10:19:14 INFO  utilities.LogUtil - Starting browser setup
2026-05-04 10:19:16 INFO  utilities.LogUtil - Launching application URL
2026-05-04 10:19:17 INFO  utilities.LogUtil - Navigating to CNG Cars section
2026-05-04 10:19:21 INFO  utilities.LogUtil - Current visible car count: 31
2026-05-04 10:19:21 INFO  utilities.LogUtil - Clicking car at index: 0
2026-05-04 10:19:22 INFO  utilities.LogUtil - Navigated to car detail page: Tata Punch On Road Price in Delhi - 2026 Punch price in Delhi, RTO, insurance and EMI
2026-05-04 10:19:22 INFO  utilities.LogUtil - Lowest city price info: Kolkata
2026-05-04 10:19:22 INFO  utilities.LogUtil - Closing browser
2026-05-04 10:21:04 INFO  utilities.LogUtil - Starting browser setup
2026-05-04 10:21:09 INFO  utilities.LogUtil - Launching application URL
2026-05-04 10:21:09 INFO  utilities.LogUtil - Navigating to CNG Cars section
2026-05-04 10:21:18 INFO  utilities.LogUtil - Current visible car count: 31
2026-05-04 10:21:18 INFO  utilities.LogUtil - Clicking car at index: 0
2026-05-04 10:21:19 INFO  utilities.LogUtil - Navigated to car detail page: Tata Punch On Road Price in Delhi - 2026 Punch price in Delhi, RTO, insurance and EMI
2026-05-04 10:21:20 INFO  utilities.LogUtil - Lowest city price info: Kolkata | Rs. 6.34 Lakh
2026-05-04 10:21:20 INFO  utilities.LogUtil - Navigating back to CNG list page
2026-05-04 10:21:21 INFO  utilities.LogUtil - Current visible car count: 31
2026-05-04 10:21:21 INFO  utilities.LogUtil - Clicking car at index: 1
2026-05-04 10:21:22 INFO  utilities.LogUtil - Navigated to car detail page: Maruti Suzuki FRONX On Road Price in Delhi - 2026 FRONX price in Delhi, RTO, insurance and EMI
2026-05-04 10:21:23 INFO  utilities.LogUtil - Lowest city price info: Ahmedabad | Rs. 7.77 Lakh
2026-05-04 10:21:23 INFO  utilities.LogUtil - Navigating back to CNG list page
2026-05-04 10:21:24 INFO  utilities.LogUtil - Current visible car count: 31
2026-05-04 10:21:24 INFO  utilities.LogUtil - Clicking car at index: 2
2026-05-04 10:21:25 INFO  utilities.LogUtil - Navigated to car detail page: Tata Nexon On Road Price in Delhi - 2026 Nexon price in Delhi, RTO, insurance and EMI
2026-05-04 10:21:25 INFO  utilities.LogUtil - Lowest city price info: Kolkata | Rs. 8.22 Lakh
2026-05-04 10:21:25 INFO  utilities.LogUtil - Navigating back to CNG list page
2026-05-04 10:21:26 INFO  utilities.LogUtil - Current visible car count: 31
2026-05-04 10:21:26 INFO  utilities.LogUtil - Clicking car at index: 3
2026-05-04 10:21:27 INFO  utilities.LogUtil - Navigated to car detail page: Maruti Suzuki Ertiga On Road Price in Delhi - 2026 Ertiga price in Delhi, RTO, insurance and EMI
2026-05-04 10:21:28 INFO  utilities.LogUtil - Lowest city price info: Ahmedabad | Rs. 9.95 Lakh
2026-05-04 10:21:28 INFO  utilities.LogUtil - Navigating back to CNG list page
2026-05-04 10:21:29 INFO  utilities.LogUtil - Current visible car count: 31
2026-05-04 10:21:29 INFO  utilities.LogUtil - Clicking car at index: 4
2026-05-04 10:21:30 INFO  utilities.LogUtil - Navigated to car detail page: Maruti Suzuki Brezza On Road Price in Delhi - 2026 Brezza price in Delhi, RTO, insurance and EMI
2026-05-04 10:21:30 INFO  utilities.LogUtil - Lowest city price info: Ahmedabad | Rs. 9.34 Lakh
2026-05-04 10:21:30 INFO  utilities.LogUtil - Navigating back to CNG list page
2026-05-04 10:21:31 INFO  utilities.LogUtil - Current visible car count: 31
2026-05-04 10:21:31 INFO  utilities.LogUtil - Clicking car at index: 5
2026-05-04 10:21:32 INFO  utilities.LogUtil - Navigated to car detail page: Maruti Suzuki Dzire On Road Price in Delhi - 2026 Dzire price in Delhi, RTO, insurance and EMI
2026-05-04 10:21:33 INFO  utilities.LogUtil - Lowest city price info: Ahmedabad | Rs. 7.11 Lakh
2026-05-04 10:21:33 INFO  utilities.LogUtil - Navigating back to CNG list page
2026-05-04 10:21:34 INFO  utilities.LogUtil - Current visible car count: 31
2026-05-04 10:21:34 INFO  utilities.LogUtil - Clicking car at index: 6
2026-05-04 10:21:35 INFO  utilities.LogUtil - Navigated to car detail page: Hyundai Aura On Road Price in Delhi - 2026 Aura price in Delhi, RTO, insurance and EMI
2026-05-04 10:21:35 INFO  utilities.LogUtil - Lowest city price info: Ahmedabad | Rs. 6.82 Lakh
2026-05-04 10:21:35 INFO  utilities.LogUtil - Navigating back to CNG list page
2026-05-04 10:21:36 INFO  utilities.LogUtil - Current visible car count: 31
2026-05-04 10:21:36 INFO  utilities.LogUtil - Clicking car at index: 7
2026-05-04 10:21:37 INFO  utilities.LogUtil - Navigated to car detail page: Tata Tiago On Road Price in Delhi - 2026 Tiago price in Delhi, RTO, insurance and EMI
2026-05-04 10:21:37 INFO  utilities.LogUtil - Lowest city price info: Kolkata | Rs. 5.2 Lakh
2026-05-04 10:21:37 INFO  utilities.LogUtil - Navigating back to CNG list page
2026-05-04 10:21:38 INFO  utilities.LogUtil - Current visible car count: 31
2026-05-04 10:21:38 INFO  utilities.LogUtil - Clicking car at index: 8
2026-05-04 10:21:39 INFO  utilities.LogUtil - Navigated to car detail page: Hyundai Exter On Road Price in Delhi - 2026 Exter price in Delhi, RTO, insurance and EMI
2026-05-04 10:21:40 INFO  utilities.LogUtil - Lowest city price info: Ahmedabad | Rs. 6.6 Lakh
2026-05-04 10:21:40 INFO  utilities.LogUtil - Navigating back to CNG list page
2026-05-04 10:21:41 INFO  utilities.LogUtil - Current visible car count: 31
2026-05-04 10:21:41 INFO  utilities.LogUtil - Clicking car at index: 9
2026-05-04 10:21:42 INFO  utilities.LogUtil - Navigated to car detail page: Kia Carens On Road Price in Delhi - 2026 Carens price in Delhi, RTO, insurance and EMI
2026-05-04 10:21:42 INFO  utilities.LogUtil - Lowest city price info: Ahmedabad | Rs. 12.73 Lakh
2026-05-04 10:21:42 INFO  utilities.LogUtil - Navigating back to CNG list page
2026-05-04 10:21:43 INFO  utilities.LogUtil - Current visible car count: 31
2026-05-04 10:21:43 INFO  utilities.LogUtil - Clicking car at index: 10
2026-05-04 10:21:44 INFO  utilities.LogUtil - Navigated to car detail page: Maruti Suzuki Victoris On Road Price in Delhi - 2026 Victoris price in Delhi, RTO, insurance and EMI
2026-05-04 10:21:45 INFO  utilities.LogUtil - Lowest city price info: Ahmedabad | Rs. 12.16 Lakh
2026-05-04 10:21:45 INFO  utilities.LogUtil - Navigating back to CNG list page
2026-05-04 10:21:46 INFO  utilities.LogUtil - Current visible car count: 31
2026-05-04 10:21:46 INFO  utilities.LogUtil - Clicking car at index: 11
2026-05-04 10:21:47 INFO  utilities.LogUtil - Navigated to car detail page: Tata Altroz On Road Price in Delhi - 2026 Altroz price in Delhi, RTO, insurance and EMI
2026-05-04 10:21:48 INFO  utilities.LogUtil - Lowest city price info: Kolkata | Rs. 7.05 Lakh
2026-05-04 10:21:48 INFO  utilities.LogUtil - Navigating back to CNG list page
2026-05-04 10:21:49 INFO  utilities.LogUtil - Current visible car count: 31
2026-05-04 10:21:49 INFO  utilities.LogUtil - Clicking car at index: 12
2026-05-04 10:21:50 INFO  utilities.LogUtil - Navigated to car detail page: Citroen C3 On Road Price in Delhi - 2026 C3 price in Delhi, RTO, insurance and EMI
2026-05-04 10:21:51 INFO  utilities.LogUtil - Lowest city price info: Ahmedabad | Rs. 5.7 Lakh
2026-05-04 10:21:51 INFO  utilities.LogUtil - Navigating back to CNG list page
2026-05-04 10:21:52 INFO  utilities.LogUtil - Current visible car count: 31
2026-05-04 10:21:52 INFO  utilities.LogUtil - Clicking car at index: 13
2026-05-04 10:21:53 INFO  utilities.LogUtil - Navigated to car detail page: Nissan Magnite On Road Price in Delhi - 2026 Magnite price in Delhi, RTO, insurance and EMI
2026-05-04 10:21:54 INFO  utilities.LogUtil - Lowest city price info: Ahmedabad | Rs. 6.37 Lakh
2026-05-04 10:21:54 INFO  utilities.LogUtil - Navigating back to CNG list page
2026-05-04 10:21:55 INFO  utilities.LogUtil - Current visible car count: 31
2026-05-04 10:21:55 INFO  utilities.LogUtil - Clicking car at index: 14
2026-05-04 10:21:56 INFO  utilities.LogUtil - Navigated to car detail page: Toyota Glanza On Road Price in Delhi - 2026 Glanza price in Delhi, RTO, insurance and EMI
2026-05-04 10:21:56 INFO  utilities.LogUtil - Lowest city price info: Ahmedabad | Rs. 7.34 Lakh
2026-05-04 10:21:56 INFO  utilities.LogUtil - Navigating back to CNG list page
2026-05-04 10:21:58 INFO  utilities.LogUtil - Current visible car count: 31
2026-05-04 10:21:58 INFO  utilities.LogUtil - Clicking car at index: 15
2026-05-04 10:21:58 INFO  utilities.LogUtil - Navigated to car detail page: Toyota Rumion On Road Price in Delhi - 2026 Rumion price in Delhi, RTO, insurance and EMI
2026-05-04 10:21:59 INFO  utilities.LogUtil - Lowest city price info: Ahmedabad | Rs. 10.79 Lakh
2026-05-04 10:21:59 INFO  utilities.LogUtil - Navigating back to CNG list page
2026-05-04 10:22:00 INFO  utilities.LogUtil - Current visible car count: 31
2026-05-04 10:22:00 INFO  utilities.LogUtil - Clicking car at index: 16
2026-05-04 10:22:01 INFO  utilities.LogUtil - Navigated to car detail page: Maruti Suzuki XL6 On Road Price in Delhi - 2026 XL6 price in Delhi, RTO, insurance and EMI
2026-05-04 10:22:01 INFO  utilities.LogUtil - Lowest city price info: Kolkata | Rs. 13.08 Lakh
2026-05-04 10:22:01 INFO  utilities.LogUtil - Navigating back to CNG list page
2026-05-04 10:22:02 INFO  utilities.LogUtil - Current visible car count: 31
2026-05-04 10:22:02 INFO  utilities.LogUtil - Clicking car at index: 17
2026-05-04 10:22:03 INFO  utilities.LogUtil - Navigated to car detail page: Tata Tigor On Road Price in Delhi - 2026 Tigor price in Delhi, RTO, insurance and EMI
2026-05-04 10:22:04 INFO  utilities.LogUtil - Lowest city price info: Kolkata | Rs. 6.24 Lakh
2026-05-04 10:22:04 INFO  utilities.LogUtil - Navigating back to CNG list page
2026-05-04 10:22:05 INFO  utilities.LogUtil - Current visible car count: 31
2026-05-04 10:22:05 INFO  utilities.LogUtil - Clicking car at index: 18
2026-05-04 10:22:06 INFO  utilities.LogUtil - Navigated to car detail page: Bajaj Qute On Road Price in Delhi - 2026 Qute price in Delhi, RTO, insurance and EMI
2026-05-04 10:22:06 INFO  utilities.LogUtil - Lowest city price info:  | Rs. 1.7976931348623157E308 Lakh
2026-05-04 10:22:06 INFO  utilities.LogUtil - Navigating back to CNG list page
2026-05-04 10:22:07 INFO  utilities.LogUtil - Current visible car count: 31
2026-05-04 10:22:07 INFO  utilities.LogUtil - Clicking car at index: 19
2026-05-04 10:22:08 INFO  utilities.LogUtil - Navigated to car detail page: Tata Xpres On Road Price in Delhi - 2026 Xpres price in Delhi, RTO, insurance and EMI
2026-05-04 10:22:08 INFO  utilities.LogUtil - Lowest city price info: Ahmedabad | Rs. 6.36 Lakh
2026-05-04 10:22:08 INFO  utilities.LogUtil - Navigating back to CNG list page
2026-05-04 10:22:09 INFO  utilities.LogUtil - Current visible car count: 31
2026-05-04 10:22:09 INFO  utilities.LogUtil - Clicking car at index: 20
2026-05-04 10:22:10 INFO  utilities.LogUtil - Navigated to car detail page: Maruti Suzuki Dzire Tour S On Road Price in Delhi - 2026 Dzire Tour S price in Delhi, RTO, insurance and EMI
2026-05-04 10:22:11 INFO  utilities.LogUtil - Lowest city price info: Ahmedabad | Rs. 7.09 Lakh
2026-05-04 10:22:11 INFO  utilities.LogUtil - Navigating back to CNG list page
2026-05-04 10:22:11 INFO  utilities.LogUtil - Current visible car count: 31
2026-05-04 10:22:11 INFO  utilities.LogUtil - Clicking car at index: 21
2026-05-04 10:22:12 INFO  utilities.LogUtil - Navigated to car detail page: Hyundai Prime SD On Road Price in Delhi - 2026 Prime SD price in Delhi, RTO, insurance and EMI
2026-05-04 10:22:13 INFO  utilities.LogUtil - Lowest city price info: Mumbai | Rs. 7.76 Lakh
2026-05-04 10:22:13 INFO  utilities.LogUtil - Navigating back to CNG list page
2026-05-04 10:22:15 INFO  utilities.LogUtil - Current visible car count: 31
2026-05-04 10:22:15 INFO  utilities.LogUtil - Clicking car at index: 22
2026-05-04 10:22:15 INFO  utilities.LogUtil - Navigated to car detail page: Maruti Suzuki Ertiga Tour On Road Price in Delhi - 2026 Ertiga Tour price in Delhi, RTO, insurance and EMI
2026-05-04 10:22:16 INFO  utilities.LogUtil - Lowest city price info: Ahmedabad | Rs. 10.93 Lakh
2026-05-04 10:22:16 INFO  utilities.LogUtil - Navigating back to CNG list page
2026-05-04 10:22:17 INFO  utilities.LogUtil - Current visible car count: 31
2026-05-04 10:22:17 INFO  utilities.LogUtil - Clicking car at index: 23
2026-05-04 10:22:18 INFO  utilities.LogUtil - Navigated to car detail page: Tata Tiago NRG On Road Price in Delhi - 2026 Tiago NRG price in Delhi, RTO, insurance and EMI
2026-05-04 10:22:19 INFO  utilities.LogUtil - Lowest city price info: Kolkata | Rs. 7.53 Lakh
2026-05-04 10:22:19 INFO  utilities.LogUtil - Navigating back to CNG list page
2026-05-04 10:22:20 INFO  utilities.LogUtil - Current visible car count: 31
2026-05-04 10:22:20 INFO  utilities.LogUtil - Clicking car at index: 24
2026-05-04 10:22:22 INFO  utilities.LogUtil - Navigated to car detail page: Maruti Suzuki Grand Vitara On Road Price in Delhi - 2026 Grand Vitara price in Delhi, RTO, insurance and EMI
2026-05-04 10:22:23 INFO  utilities.LogUtil - Lowest city price info: Kolkata | Rs. 12.31 Lakh
2026-05-04 10:22:23 INFO  utilities.LogUtil - Navigating back to CNG list page
2026-05-04 10:22:24 INFO  utilities.LogUtil - Current visible car count: 31
2026-05-04 10:22:24 INFO  utilities.LogUtil - Clicking car at index: 25
2026-05-04 10:22:25 INFO  utilities.LogUtil - Navigated to car detail page: Maruti Suzuki Eeco Cargo On Road Price in Delhi - 2026 Eeco Cargo price in Delhi, RTO, insurance and EMI
2026-05-04 10:22:26 INFO  utilities.LogUtil - Lowest city price info: Ahmedabad | Rs. 6.09 Lakh
2026-05-04 10:22:26 INFO  utilities.LogUtil - Navigating back to CNG list page
2026-05-04 10:22:27 INFO  utilities.LogUtil - Current visible car count: 31
2026-05-04 10:22:27 INFO  utilities.LogUtil - Clicking car at index: 26
2026-05-04 10:22:28 INFO  utilities.LogUtil - Navigated to car detail page: Maruti Suzuki Wagon R tour On Road Price in Delhi - 2026 Wagon R tour price in Delhi, RTO, insurance and EMI
2026-05-04 10:22:29 INFO  utilities.LogUtil - Lowest city price info: Ahmedabad | Rs. 5.64 Lakh
2026-05-04 10:22:29 INFO  utilities.LogUtil - Navigating back to CNG list page
2026-05-04 10:22:30 INFO  utilities.LogUtil - Current visible car count: 31
2026-05-04 10:22:30 INFO  utilities.LogUtil - Clicking car at index: 27
2026-05-04 10:22:31 INFO  utilities.LogUtil - Navigated to car detail page: Hyundai Grand i10 Nios On Road Price in Delhi - 2026 Grand i10 Nios price in Delhi, RTO, insurance and EMI
2026-05-04 10:22:32 INFO  utilities.LogUtil - Lowest city price info: Ahmedabad | Rs. 6.32 Lakh
2026-05-04 10:22:32 INFO  utilities.LogUtil - Navigating back to CNG list page
2026-05-04 10:22:33 INFO  utilities.LogUtil - Current visible car count: 31
2026-05-04 10:22:33 INFO  utilities.LogUtil - Clicking car at index: 28
2026-05-04 10:22:34 INFO  utilities.LogUtil - Navigated to car detail page: Maruti Suzuki Alto Tour H1 On Road Price in Delhi - 2026 Alto Tour H1 price in Delhi, RTO, insurance and EMI
2026-05-04 10:22:35 INFO  utilities.LogUtil - Lowest city price info: Ahmedabad | Rs. 4.53 Lakh
2026-05-04 10:22:35 INFO  utilities.LogUtil - Navigating back to CNG list page
2026-05-04 10:22:36 INFO  utilities.LogUtil - Current visible car count: 31
2026-05-04 10:22:36 INFO  utilities.LogUtil - Clicking car at index: 29
2026-05-04 10:22:37 INFO  utilities.LogUtil - Navigated to car detail page: Hyundai Prime HB On Road Price in Delhi - 2026 Prime HB price in Delhi, RTO, insurance and EMI
2026-05-04 10:22:38 INFO  utilities.LogUtil - Lowest city price info: Mumbai | Rs. 7.21 Lakh
2026-05-04 10:22:38 INFO  utilities.LogUtil - Navigating back to CNG list page
2026-05-04 10:22:39 INFO  utilities.LogUtil - Current visible car count: 31
2026-05-04 10:22:39 INFO  utilities.LogUtil - Clicking car at index: 30
2026-05-04 10:22:40 INFO  utilities.LogUtil - Navigated to car detail page: Maruti Suzuki Eeco Tour V On Road Price in Delhi - 2026 Eeco Tour V price in Delhi, RTO, insurance and EMI
2026-05-04 10:22:40 INFO  utilities.LogUtil - Lowest city price info:  | Rs. 1.7976931348623157E308 Lakh
2026-05-04 10:22:40 INFO  utilities.LogUtil - Navigating back to CNG list page
2026-05-04 10:22:41 INFO  utilities.LogUtil - Current visible car count: 31
2026-05-04 10:22:41 INFO  utilities.LogUtil - Reached end of list, attempting View More
2026-05-04 10:22:42 INFO  utilities.LogUtil - View More clicked, loading more cars
2026-05-04 10:22:42 INFO  utilities.LogUtil - Current visible car count: 31
2026-05-04 10:22:42 INFO  utilities.LogUtil - Reached end of list, attempting View More
2026-05-04 10:22:42 INFO  utilities.LogUtil - View More clicked, loading more cars
2026-05-04 10:22:42 INFO  utilities.LogUtil - Current visible car count: 31
2026-05-04 10:22:42 INFO  utilities.LogUtil - Reached end of list, attempting View More
2026-05-04 10:22:42 INFO  utilities.LogUtil - No more cars available, exiting loop
2026-05-04 10:22:42 INFO  utilities.LogUtil - TC_4CngCarLowCostCity execution completed successfully
2026-05-04 10:22:42 INFO  utilities.LogUtil - Closing browser
2026-05-04 10:23:42 INFO  utilities.LogUtil - Starting browser setup
2026-05-04 10:23:45 INFO  utilities.LogUtil - Launching application URL
2026-05-04 10:23:49 INFO  utilities.LogUtil - Navigating to CNG Cars section
2026-05-04 10:23:52 INFO  utilities.LogUtil - Current visible car count: 31
2026-05-04 10:23:52 INFO  utilities.LogUtil - Clicking car at index: 0
2026-05-04 10:23:53 INFO  utilities.LogUtil - Navigated to car detail page: Tata Punch On Road Price in Delhi - 2026 Punch price in Delhi, RTO, insurance and EMI
2026-05-04 10:23:54 INFO  utilities.LogUtil - Lowest city price info: Kolkata | Rs. 6.34 Lakh
2026-05-04 10:23:54 INFO  utilities.LogUtil - Navigating back to CNG list page
2026-05-04 10:23:55 INFO  utilities.LogUtil - Current visible car count: 31
2026-05-04 10:23:55 INFO  utilities.LogUtil - Clicking car at index: 1
2026-05-04 10:23:56 INFO  utilities.LogUtil - Navigated to car detail page: Maruti Suzuki FRONX On Road Price in Delhi - 2026 FRONX price in Delhi, RTO, insurance and EMI
2026-05-04 10:23:57 INFO  utilities.LogUtil - Lowest city price info: Ahmedabad | Rs. 7.77 Lakh
2026-05-04 10:23:57 INFO  utilities.LogUtil - Navigating back to CNG list page
2026-05-04 10:23:58 INFO  utilities.LogUtil - Current visible car count: 31
2026-05-04 10:23:58 INFO  utilities.LogUtil - Clicking car at index: 2
2026-05-04 10:24:00 INFO  utilities.LogUtil - Navigated to car detail page: Tata Nexon On Road Price in Delhi - 2026 Nexon price in Delhi, RTO, insurance and EMI
2026-05-04 10:24:01 INFO  utilities.LogUtil - Lowest city price info: Kolkata | Rs. 8.22 Lakh
2026-05-04 10:24:01 INFO  utilities.LogUtil - Navigating back to CNG list page
2026-05-04 10:24:02 INFO  utilities.LogUtil - Current visible car count: 31
2026-05-04 10:24:02 INFO  utilities.LogUtil - Clicking car at index: 3
2026-05-04 10:24:03 INFO  utilities.LogUtil - Navigated to car detail page: Maruti Suzuki Ertiga On Road Price in Delhi - 2026 Ertiga price in Delhi, RTO, insurance and EMI
2026-05-04 10:24:04 INFO  utilities.LogUtil - Lowest city price info: Ahmedabad | Rs. 9.95 Lakh
2026-05-04 10:24:04 INFO  utilities.LogUtil - Navigating back to CNG list page
2026-05-04 10:24:05 INFO  utilities.LogUtil - Current visible car count: 31
2026-05-04 10:24:05 INFO  utilities.LogUtil - Clicking car at index: 4
2026-05-04 10:24:06 INFO  utilities.LogUtil - Navigated to car detail page: Maruti Suzuki Brezza On Road Price in Delhi - 2026 Brezza price in Delhi, RTO, insurance and EMI
2026-05-04 10:24:06 INFO  utilities.LogUtil - Lowest city price info: Ahmedabad | Rs. 9.34 Lakh
2026-05-04 10:24:06 INFO  utilities.LogUtil - Navigating back to CNG list page
2026-05-04 10:24:07 INFO  utilities.LogUtil - Current visible car count: 31
2026-05-04 10:24:07 INFO  utilities.LogUtil - Clicking car at index: 5
2026-05-04 10:24:08 INFO  utilities.LogUtil - Navigated to car detail page: Maruti Suzuki Dzire On Road Price in Delhi - 2026 Dzire price in Delhi, RTO, insurance and EMI
2026-05-04 10:24:09 INFO  utilities.LogUtil - Lowest city price info: Ahmedabad | Rs. 7.11 Lakh
2026-05-04 10:24:09 INFO  utilities.LogUtil - Navigating back to CNG list page
2026-05-04 10:24:09 INFO  utilities.LogUtil - Current visible car count: 31
2026-05-04 10:24:09 INFO  utilities.LogUtil - Clicking car at index: 6
2026-05-04 10:24:10 INFO  utilities.LogUtil - Navigated to car detail page: Hyundai Aura On Road Price in Delhi - 2026 Aura price in Delhi, RTO, insurance and EMI
2026-05-04 10:24:11 INFO  utilities.LogUtil - Lowest city price info: Ahmedabad | Rs. 6.82 Lakh
2026-05-04 10:24:11 INFO  utilities.LogUtil - Navigating back to CNG list page
2026-05-04 10:24:12 INFO  utilities.LogUtil - Current visible car count: 31
2026-05-04 10:24:12 INFO  utilities.LogUtil - Clicking car at index: 7
2026-05-04 10:24:13 INFO  utilities.LogUtil - Navigated to car detail page: Tata Tiago On Road Price in Delhi - 2026 Tiago price in Delhi, RTO, insurance and EMI
2026-05-04 10:24:13 INFO  utilities.LogUtil - Lowest city price info: Kolkata | Rs. 5.2 Lakh
2026-05-04 10:24:13 INFO  utilities.LogUtil - Navigating back to CNG list page
2026-05-04 10:24:14 INFO  utilities.LogUtil - Current visible car count: 31
2026-05-04 10:24:14 INFO  utilities.LogUtil - Clicking car at index: 8
2026-05-04 10:24:15 INFO  utilities.LogUtil - Navigated to car detail page: Hyundai Exter On Road Price in Delhi - 2026 Exter price in Delhi, RTO, insurance and EMI
2026-05-04 10:24:15 INFO  utilities.LogUtil - Lowest city price info: Ahmedabad | Rs. 6.6 Lakh
2026-05-04 10:24:15 INFO  utilities.LogUtil - Navigating back to CNG list page
2026-05-04 10:24:16 INFO  utilities.LogUtil - Current visible car count: 31
2026-05-04 10:24:16 INFO  utilities.LogUtil - Clicking car at index: 9
2026-05-04 10:24:17 INFO  utilities.LogUtil - Navigated to car detail page: Kia Carens On Road Price in Delhi - 2026 Carens price in Delhi, RTO, insurance and EMI
2026-05-04 10:24:17 INFO  utilities.LogUtil - Lowest city price info: Ahmedabad | Rs. 12.73 Lakh
2026-05-04 10:24:17 INFO  utilities.LogUtil - Navigating back to CNG list page
2026-05-04 10:24:18 INFO  utilities.LogUtil - Current visible car count: 31
2026-05-04 10:24:18 INFO  utilities.LogUtil - Clicking car at index: 10
2026-05-04 10:24:19 INFO  utilities.LogUtil - Navigated to car detail page: Maruti Suzuki Victoris On Road Price in Delhi - 2026 Victoris price in Delhi, RTO, insurance and EMI
2026-05-04 10:24:20 INFO  utilities.LogUtil - Lowest city price info: Ahmedabad | Rs. 12.16 Lakh
2026-05-04 10:24:20 INFO  utilities.LogUtil - Navigating back to CNG list page
2026-05-04 10:24:21 INFO  utilities.LogUtil - Current visible car count: 31
2026-05-04 10:24:21 INFO  utilities.LogUtil - Clicking car at index: 11
2026-05-04 10:24:22 INFO  utilities.LogUtil - Navigated to car detail page: Tata Altroz On Road Price in Delhi - 2026 Altroz price in Delhi, RTO, insurance and EMI
2026-05-04 10:24:22 INFO  utilities.LogUtil - Lowest city price info: Kolkata | Rs. 7.05 Lakh
2026-05-04 10:24:22 INFO  utilities.LogUtil - Navigating back to CNG list page
2026-05-04 10:24:23 INFO  utilities.LogUtil - Current visible car count: 31
2026-05-04 10:24:23 INFO  utilities.LogUtil - Clicking car at index: 12
2026-05-04 10:24:24 INFO  utilities.LogUtil - Navigated to car detail page: Citroen C3 On Road Price in Delhi - 2026 C3 price in Delhi, RTO, insurance and EMI
2026-05-04 10:24:24 INFO  utilities.LogUtil - Lowest city price info: Ahmedabad | Rs. 5.7 Lakh
2026-05-04 10:24:24 INFO  utilities.LogUtil - Navigating back to CNG list page
2026-05-04 10:24:25 INFO  utilities.LogUtil - Current visible car count: 31
2026-05-04 10:24:25 INFO  utilities.LogUtil - Clicking car at index: 13
2026-05-04 10:24:26 INFO  utilities.LogUtil - Navigated to car detail page: Nissan Magnite On Road Price in Delhi - 2026 Magnite price in Delhi, RTO, insurance and EMI
2026-05-04 10:24:26 INFO  utilities.LogUtil - Lowest city price info: Ahmedabad | Rs. 6.37 Lakh
2026-05-04 10:24:26 INFO  utilities.LogUtil - Navigating back to CNG list page
2026-05-04 10:24:27 INFO  utilities.LogUtil - Current visible car count: 31
2026-05-04 10:24:27 INFO  utilities.LogUtil - Clicking car at index: 14
2026-05-04 10:24:28 INFO  utilities.LogUtil - Navigated to car detail page: Toyota Glanza On Road Price in Delhi - 2026 Glanza price in Delhi, RTO, insurance and EMI
2026-05-04 10:24:29 INFO  utilities.LogUtil - Lowest city price info: Ahmedabad | Rs. 7.34 Lakh
2026-05-04 10:24:29 INFO  utilities.LogUtil - Navigating back to CNG list page
2026-05-04 10:24:30 INFO  utilities.LogUtil - Current visible car count: 31
2026-05-04 10:24:30 INFO  utilities.LogUtil - Clicking car at index: 15
2026-05-04 10:24:31 INFO  utilities.LogUtil - Navigated to car detail page: Toyota Rumion On Road Price in Delhi - 2026 Rumion price in Delhi, RTO, insurance and EMI
2026-05-04 10:24:31 INFO  utilities.LogUtil - Lowest city price info: Ahmedabad | Rs. 10.79 Lakh
2026-05-04 10:24:31 INFO  utilities.LogUtil - Navigating back to CNG list page
2026-05-04 10:24:32 INFO  utilities.LogUtil - Current visible car count: 31
2026-05-04 10:24:32 INFO  utilities.LogUtil - Clicking car at index: 16
2026-05-04 10:24:33 INFO  utilities.LogUtil - Navigated to car detail page: Maruti Suzuki XL6 On Road Price in Delhi - 2026 XL6 price in Delhi, RTO, insurance and EMI
2026-05-04 10:24:33 INFO  utilities.LogUtil - Lowest city price info: Kolkata | Rs. 13.08 Lakh
2026-05-04 10:24:33 INFO  utilities.LogUtil - Navigating back to CNG list page
2026-05-04 10:24:34 INFO  utilities.LogUtil - Current visible car count: 31
2026-05-04 10:24:34 INFO  utilities.LogUtil - Clicking car at index: 17
2026-05-04 10:24:35 INFO  utilities.LogUtil - Navigated to car detail page: Tata Tigor On Road Price in Delhi - 2026 Tigor price in Delhi, RTO, insurance and EMI
2026-05-04 10:24:36 INFO  utilities.LogUtil - Lowest city price info: Kolkata | Rs. 6.24 Lakh
2026-05-04 10:24:36 INFO  utilities.LogUtil - Navigating back to CNG list page
2026-05-04 10:24:38 INFO  utilities.LogUtil - Current visible car count: 31
2026-05-04 10:24:38 INFO  utilities.LogUtil - Clicking car at index: 18
2026-05-04 10:24:39 INFO  utilities.LogUtil - Navigated to car detail page: Bajaj Qute On Road Price in Delhi - 2026 Qute price in Delhi, RTO, insurance and EMI
2026-05-04 10:24:39 INFO  utilities.LogUtil - Lowest city price info:  | Rs. 1.7976931348623157E308 Lakh
2026-05-04 10:24:39 INFO  utilities.LogUtil - Navigating back to CNG list page
2026-05-04 10:24:40 INFO  utilities.LogUtil - Current visible car count: 31
2026-05-04 10:24:40 INFO  utilities.LogUtil - Clicking car at index: 19
2026-05-04 10:24:41 INFO  utilities.LogUtil - Navigated to car detail page: Tata Xpres On Road Price in Delhi - 2026 Xpres price in Delhi, RTO, insurance and EMI
2026-05-04 10:24:41 INFO  utilities.LogUtil - Lowest city price info: Ahmedabad | Rs. 6.36 Lakh
2026-05-04 10:24:41 INFO  utilities.LogUtil - Navigating back to CNG list page
2026-05-04 10:24:42 INFO  utilities.LogUtil - Current visible car count: 31
2026-05-04 10:24:42 INFO  utilities.LogUtil - Clicking car at index: 20
2026-05-04 10:24:43 INFO  utilities.LogUtil - Navigated to car detail page: Maruti Suzuki Dzire Tour S On Road Price in Delhi - 2026 Dzire Tour S price in Delhi, RTO, insurance and EMI
2026-05-04 10:24:44 INFO  utilities.LogUtil - Lowest city price info: Ahmedabad | Rs. 7.09 Lakh
2026-05-04 10:24:44 INFO  utilities.LogUtil - Navigating back to CNG list page
2026-05-04 10:24:45 INFO  utilities.LogUtil - Current visible car count: 31
2026-05-04 10:24:45 INFO  utilities.LogUtil - Clicking car at index: 21
2026-05-04 10:24:46 INFO  utilities.LogUtil - Navigated to car detail page: Hyundai Prime SD On Road Price in Delhi - 2026 Prime SD price in Delhi, RTO, insurance and EMI
2026-05-04 10:24:46 INFO  utilities.LogUtil - Lowest city price info: Mumbai | Rs. 7.76 Lakh
2026-05-04 10:24:46 INFO  utilities.LogUtil - Navigating back to CNG list page
2026-05-04 10:24:47 INFO  utilities.LogUtil - Current visible car count: 31
2026-05-04 10:24:47 INFO  utilities.LogUtil - Clicking car at index: 22
2026-05-04 10:24:48 INFO  utilities.LogUtil - Navigated to car detail page: Maruti Suzuki Ertiga Tour On Road Price in Delhi - 2026 Ertiga Tour price in Delhi, RTO, insurance and EMI
2026-05-04 10:24:49 INFO  utilities.LogUtil - Lowest city price info: Ahmedabad | Rs. 10.93 Lakh
2026-05-04 10:24:49 INFO  utilities.LogUtil - Navigating back to CNG list page
2026-05-04 10:24:50 INFO  utilities.LogUtil - Current visible car count: 31
2026-05-04 10:24:50 INFO  utilities.LogUtil - Clicking car at index: 23
2026-05-04 10:24:51 INFO  utilities.LogUtil - Navigated to car detail page: Tata Tiago NRG On Road Price in Delhi - 2026 Tiago NRG price in Delhi, RTO, insurance and EMI
2026-05-04 10:24:52 INFO  utilities.LogUtil - Lowest city price info: Kolkata | Rs. 7.53 Lakh
2026-05-04 10:24:52 INFO  utilities.LogUtil - Navigating back to CNG list page
2026-05-04 10:24:53 INFO  utilities.LogUtil - Current visible car count: 31
2026-05-04 10:24:53 INFO  utilities.LogUtil - Clicking car at index: 24
2026-05-04 10:24:54 INFO  utilities.LogUtil - Navigated to car detail page: Maruti Suzuki Grand Vitara On Road Price in Delhi - 2026 Grand Vitara price in Delhi, RTO, insurance and EMI
2026-05-04 10:24:55 INFO  utilities.LogUtil - Lowest city price info: Kolkata | Rs. 12.31 Lakh
2026-05-04 10:24:55 INFO  utilities.LogUtil - Navigating back to CNG list page
2026-05-04 10:24:56 INFO  utilities.LogUtil - Current visible car count: 31
2026-05-04 10:24:56 INFO  utilities.LogUtil - Clicking car at index: 25
2026-05-04 10:24:58 INFO  utilities.LogUtil - Navigated to car detail page: Maruti Suzuki Eeco Cargo On Road Price in Delhi - 2026 Eeco Cargo price in Delhi, RTO, insurance and EMI
2026-05-04 10:24:59 INFO  utilities.LogUtil - Lowest city price info: Ahmedabad | Rs. 6.09 Lakh
2026-05-04 10:24:59 INFO  utilities.LogUtil - Navigating back to CNG list page
2026-05-04 10:25:00 INFO  utilities.LogUtil - Current visible car count: 31
2026-05-04 10:25:00 INFO  utilities.LogUtil - Clicking car at index: 26
2026-05-04 10:25:01 INFO  utilities.LogUtil - Navigated to car detail page: Maruti Suzuki Wagon R tour On Road Price in Delhi - 2026 Wagon R tour price in Delhi, RTO, insurance and EMI
2026-05-04 10:25:01 INFO  utilities.LogUtil - Lowest city price info: Ahmedabad | Rs. 5.64 Lakh
2026-05-04 10:25:01 INFO  utilities.LogUtil - Navigating back to CNG list page
2026-05-04 10:25:02 INFO  utilities.LogUtil - Current visible car count: 31
2026-05-04 10:25:02 INFO  utilities.LogUtil - Clicking car at index: 27
2026-05-04 10:25:03 INFO  utilities.LogUtil - Navigated to car detail page: Hyundai Grand i10 Nios On Road Price in Delhi - 2026 Grand i10 Nios price in Delhi, RTO, insurance and EMI
2026-05-04 10:25:04 INFO  utilities.LogUtil - Lowest city price info: Ahmedabad | Rs. 6.32 Lakh
2026-05-04 10:25:04 INFO  utilities.LogUtil - Navigating back to CNG list page
2026-05-04 10:25:05 INFO  utilities.LogUtil - Current visible car count: 31
2026-05-04 10:25:05 INFO  utilities.LogUtil - Clicking car at index: 28
2026-05-04 10:25:06 INFO  utilities.LogUtil - Navigated to car detail page: Maruti Suzuki Alto Tour H1 On Road Price in Delhi - 2026 Alto Tour H1 price in Delhi, RTO, insurance and EMI
2026-05-04 10:25:07 INFO  utilities.LogUtil - Lowest city price info: Ahmedabad | Rs. 4.53 Lakh
2026-05-04 10:25:07 INFO  utilities.LogUtil - Navigating back to CNG list page
2026-05-04 10:25:08 INFO  utilities.LogUtil - Current visible car count: 31
2026-05-04 10:25:08 INFO  utilities.LogUtil - Clicking car at index: 29
2026-05-04 10:25:09 INFO  utilities.LogUtil - Navigated to car detail page: Hyundai Prime HB On Road Price in Delhi - 2026 Prime HB price in Delhi, RTO, insurance and EMI
2026-05-04 10:25:09 INFO  utilities.LogUtil - Lowest city price info: Mumbai | Rs. 7.21 Lakh
2026-05-04 10:25:09 INFO  utilities.LogUtil - Navigating back to CNG list page
2026-05-04 10:25:10 INFO  utilities.LogUtil - Current visible car count: 31
2026-05-04 10:25:10 INFO  utilities.LogUtil - Clicking car at index: 30
2026-05-04 10:25:11 INFO  utilities.LogUtil - Navigated to car detail page: Maruti Suzuki Eeco Tour V On Road Price in Delhi - 2026 Eeco Tour V price in Delhi, RTO, insurance and EMI
2026-05-04 10:25:11 INFO  utilities.LogUtil - Lowest city price info:  | Rs. 1.7976931348623157E308 Lakh
2026-05-04 10:25:11 INFO  utilities.LogUtil - Navigating back to CNG list page
2026-05-04 10:25:12 INFO  utilities.LogUtil - Current visible car count: 31
2026-05-04 10:25:12 INFO  utilities.LogUtil - Reached end of list, attempting View More
2026-05-04 10:25:13 INFO  utilities.LogUtil - View More clicked, loading more cars
2026-05-04 10:25:13 INFO  utilities.LogUtil - Current visible car count: 31
2026-05-04 10:25:13 INFO  utilities.LogUtil - Reached end of list, attempting View More
2026-05-04 10:25:13 INFO  utilities.LogUtil - View More clicked, loading more cars
2026-05-04 10:25:13 INFO  utilities.LogUtil - Current visible car count: 31
2026-05-04 10:25:13 INFO  utilities.LogUtil - Reached end of list, attempting View More
2026-05-04 10:25:13 INFO  utilities.LogUtil - No more cars available, exiting loop
2026-05-04 10:25:13 INFO  utilities.LogUtil - TC_4CngCarLowCostCity execution completed successfully
2026-05-04 10:25:13 INFO  utilities.LogUtil - Closing browser
2026-05-04 10:25:27 INFO  utilities.LogUtil - Starting browser setup
2026-05-04 10:25:31 INFO  utilities.LogUtil - Launching application URL
2026-05-04 10:25:37 INFO  utilities.LogUtil - Collected 31 EMI values
2026-05-04 10:25:37 INFO  utilities.LogUtil - Car EMI in range: ₹10929
2026-05-04 10:25:37 INFO  utilities.LogUtil - Car EMI in range: ₹13249
2026-05-04 10:25:37 INFO  utilities.LogUtil - Car EMI in range: ₹14257
2026-05-04 10:25:37 INFO  utilities.LogUtil - Car EMI in range: ₹12102
2026-05-04 10:25:37 INFO  utilities.LogUtil - Car EMI in range: ₹11607
2026-05-04 10:25:37 INFO  utilities.LogUtil - Car EMI in range: ₹8898
2026-05-04 10:25:37 INFO  utilities.LogUtil - Car EMI in range: ₹11218
2026-05-04 10:25:38 INFO  utilities.LogUtil - Car EMI in range: ₹12187
2026-05-04 10:25:38 INFO  utilities.LogUtil - Car EMI in range: ₹9653
2026-05-04 10:25:38 INFO  utilities.LogUtil - Car EMI in range: ₹10930
2026-05-04 10:25:38 INFO  utilities.LogUtil - Car EMI in range: ₹12497
2026-05-04 10:25:38 INFO  utilities.LogUtil - Car EMI in range: ₹10736
2026-05-04 10:25:38 INFO  utilities.LogUtil - Car EMI in range: ₹10814
2026-05-04 10:25:38 INFO  utilities.LogUtil - Car EMI in range: ₹12067
2026-05-04 10:25:38 INFO  utilities.LogUtil - Car EMI in range: ₹13346
2026-05-04 10:25:38 INFO  utilities.LogUtil - Car EMI in range: ₹13038
2026-05-04 10:25:38 INFO  utilities.LogUtil - Car EMI in range: ₹10423
2026-05-04 10:25:38 INFO  utilities.LogUtil - Car EMI in range: ₹9651
2026-05-04 10:25:38 INFO  utilities.LogUtil - Car EMI in range: ₹10736
2026-05-04 10:25:38 INFO  utilities.LogUtil - Car EMI in range: ₹11605
2026-05-04 10:25:38 INFO  utilities.LogUtil - Total cars with EMI between 8000 and 15000: 20
2026-05-04 10:25:38 INFO  utilities.LogUtil - Closing browser
2026-05-04 10:25:50 INFO  utilities.LogUtil - Starting browser setup
2026-05-04 10:25:53 INFO  utilities.LogUtil - Launching application URL
2026-05-04 10:26:00 INFO  utilities.LogUtil - Car in price range: Tata Punch - 5.65 Lakh
2026-05-04 10:26:00 INFO  utilities.LogUtil - Car in price range: Maruti Suzuki FRONX - 6.85 Lakh
2026-05-04 10:26:00 INFO  utilities.LogUtil - Car in price range: Tata Nexon - 7.37 Lakh
2026-05-04 10:26:00 INFO  utilities.LogUtil - Car in price range: Maruti Suzuki Ertiga - 8.8 Lakh
2026-05-04 10:26:00 INFO  utilities.LogUtil - Car in price range: Maruti Suzuki Brezza - 8.26 Lakh
2026-05-04 10:26:00 INFO  utilities.LogUtil - Car in price range: Maruti Suzuki Dzire - 6.26 Lakh
2026-05-04 10:26:00 INFO  utilities.LogUtil - Car in price range: Hyundai Aura - 6.0 Lakh
2026-05-04 10:26:00 INFO  utilities.LogUtil - Car in price range: Hyundai Exter - 5.8 Lakh
2026-05-04 10:26:01 INFO  utilities.LogUtil - Car in price range: Kia Carens - 11.0 Lakh
2026-05-04 10:26:01 INFO  utilities.LogUtil - Car in price range: Maruti Suzuki Victoris - 10.5 Lakh
2026-05-04 10:26:01 INFO  utilities.LogUtil - Car in price range: Tata Altroz - 6.3 Lakh
2026-05-04 10:26:01 INFO  utilities.LogUtil - Car in price range: Nissan Magnite - 5.65 Lakh
2026-05-04 10:26:01 INFO  utilities.LogUtil - Car in price range: Toyota Glanza - 6.46 Lakh
2026-05-04 10:26:01 INFO  utilities.LogUtil - Car in price range: Toyota Rumion - 9.56 Lakh
2026-05-04 10:26:01 INFO  utilities.LogUtil - Car in price range: Maruti Suzuki XL6 - 11.52 Lakh
2026-05-04 10:26:01 INFO  utilities.LogUtil - Car in price range: Tata Tigor - 5.55 Lakh
2026-05-04 10:26:01 INFO  utilities.LogUtil - Car in price range: Tata Xpres - 5.59 Lakh
2026-05-04 10:26:01 INFO  utilities.LogUtil - Car in price range: Maruti Suzuki Dzire Tour S - 6.24 Lakh
2026-05-04 10:26:01 INFO  utilities.LogUtil - Car in price range: Hyundai Prime SD - 6.9 Lakh
2026-05-04 10:26:02 INFO  utilities.LogUtil - Car in price range: Maruti Suzuki Ertiga Tour - 9.68 Lakh
2026-05-04 10:26:02 INFO  utilities.LogUtil - Car in price range: Tata Tiago NRG - 6.74 Lakh
2026-05-04 10:26:02 INFO  utilities.LogUtil - Car in price range: Maruti Suzuki Grand Vitara - 10.77 Lakh
2026-05-04 10:26:02 INFO  utilities.LogUtil - Car in price range: Maruti Suzuki Eeco Cargo - 5.39 Lakh
2026-05-04 10:26:02 INFO  utilities.LogUtil - Car in price range: Hyundai Grand i10 Nios - 5.55 Lakh
2026-05-04 10:26:02 INFO  utilities.LogUtil - Car in price range: Hyundai Prime HB - 6.0 Lakh
2026-05-04 10:26:02 INFO  utilities.LogUtil - Closing browser
2026-05-04 10:26:21 INFO  utilities.LogUtil - Starting browser setup
2026-05-04 10:26:24 INFO  utilities.LogUtil - Launching application URL
2026-05-04 10:26:31 INFO  utilities.LogUtil - Collected 31 car names and 31 car prices
2026-05-04 10:26:31 INFO  utilities.LogUtil - Closing browser
